Archive member included to satisfy reference by file (symbol)

/home/javier/workspace/stm32f411e-disco_hal_lib/Debug/libstm32f411e-disco_hal_lib.a(stm32f4xx_hal.o)
                              src/main.o (HAL_Init)
/home/javier/workspace/stm32f411e-disco_hal_lib/Debug/libstm32f411e-disco_hal_lib.a(stm32f4xx_hal_cortex.o)
                              /home/javier/workspace/stm32f411e-disco_hal_lib/Debug/libstm32f411e-disco_hal_lib.a(stm32f4xx_hal.o) (HAL_NVIC_SetPriorityGrouping)
/home/javier/workspace/stm32f411e-disco_hal_lib/Debug/libstm32f411e-disco_hal_lib.a(stm32f4xx_hal_dma.o)
                              src/init_periph.o (HAL_DMA_Init)
/home/javier/workspace/stm32f411e-disco_hal_lib/Debug/libstm32f411e-disco_hal_lib.a(stm32f4xx_hal_gpio.o)
                              src/init_periph.o (HAL_GPIO_Init)
/home/javier/workspace/stm32f411e-disco_hal_lib/Debug/libstm32f411e-disco_hal_lib.a(stm32f4xx_hal_i2c.o)
                              src/init_periph.o (HAL_I2C_Init)
/home/javier/workspace/stm32f411e-disco_hal_lib/Debug/libstm32f411e-disco_hal_lib.a(stm32f4xx_hal_rcc.o)
                              src/main.o (HAL_RCC_OscConfig)
/home/javier/Ac6/SystemWorkbench/plugins/fr.ac6.mcu.externaltools.arm-none.linux64_1.7.0.201602291252/tools/compiler/bin/../lib/gcc/arm-none-eabi/5.2.1/armv7e-m/fpu/libgcc.a(_arm_addsubdf3.o)
                              Node/LPS25H.o (__aeabi_dadd)
/home/javier/Ac6/SystemWorkbench/plugins/fr.ac6.mcu.externaltools.arm-none.linux64_1.7.0.201602291252/tools/compiler/bin/../lib/gcc/arm-none-eabi/5.2.1/armv7e-m/fpu/libgcc.a(_arm_muldivdf3.o)
                              Node/LPS25H.o (__aeabi_ddiv)
/home/javier/Ac6/SystemWorkbench/plugins/fr.ac6.mcu.externaltools.arm-none.linux64_1.7.0.201602291252/tools/compiler/bin/../lib/gcc/arm-none-eabi/5.2.1/armv7e-m/fpu/libgcc.a(_arm_truncdfsf2.o)
                              Node/LPS25H.o (__aeabi_d2f)
/home/javier/Ac6/SystemWorkbench/plugins/fr.ac6.mcu.externaltools.arm-none.linux64_1.7.0.201602291252/tools/compiler/bin/../lib/gcc/arm-none-eabi/5.2.1/../../../../arm-none-eabi/lib/armv7e-m/fpu/libc.a(lib_a-errno.o)
                              src/syscalls.o (__errno)
/home/javier/Ac6/SystemWorkbench/plugins/fr.ac6.mcu.externaltools.arm-none.linux64_1.7.0.201602291252/tools/compiler/bin/../lib/gcc/arm-none-eabi/5.2.1/../../../../arm-none-eabi/lib/armv7e-m/fpu/libc.a(lib_a-exit.o)
                              /home/javier/Ac6/SystemWorkbench/plugins/fr.ac6.mcu.externaltools.arm-none.linux64_1.7.0.201602291252/tools/compiler/bin/../lib/gcc/arm-none-eabi/5.2.1/../../../../arm-none-eabi/lib/armv7e-m/fpu/crt0.o (exit)
/home/javier/Ac6/SystemWorkbench/plugins/fr.ac6.mcu.externaltools.arm-none.linux64_1.7.0.201602291252/tools/compiler/bin/../lib/gcc/arm-none-eabi/5.2.1/../../../../arm-none-eabi/lib/armv7e-m/fpu/libc.a(lib_a-impure.o)
                              /home/javier/Ac6/SystemWorkbench/plugins/fr.ac6.mcu.externaltools.arm-none.linux64_1.7.0.201602291252/tools/compiler/bin/../lib/gcc/arm-none-eabi/5.2.1/../../../../arm-none-eabi/lib/armv7e-m/fpu/libc.a(lib_a-exit.o) (_global_impure_ptr)
/home/javier/Ac6/SystemWorkbench/plugins/fr.ac6.mcu.externaltools.arm-none.linux64_1.7.0.201602291252/tools/compiler/bin/../lib/gcc/arm-none-eabi/5.2.1/../../../../arm-none-eabi/lib/armv7e-m/fpu/libc.a(lib_a-init.o)
                              /home/javier/Ac6/SystemWorkbench/plugins/fr.ac6.mcu.externaltools.arm-none.linux64_1.7.0.201602291252/tools/compiler/bin/../lib/gcc/arm-none-eabi/5.2.1/../../../../arm-none-eabi/lib/armv7e-m/fpu/crt0.o (__libc_init_array)
/home/javier/Ac6/SystemWorkbench/plugins/fr.ac6.mcu.externaltools.arm-none.linux64_1.7.0.201602291252/tools/compiler/bin/../lib/gcc/arm-none-eabi/5.2.1/../../../../arm-none-eabi/lib/armv7e-m/fpu/libc.a(lib_a-malloc.o)
                              Node/HTS221.o (malloc)
/home/javier/Ac6/SystemWorkbench/plugins/fr.ac6.mcu.externaltools.arm-none.linux64_1.7.0.201602291252/tools/compiler/bin/../lib/gcc/arm-none-eabi/5.2.1/../../../../arm-none-eabi/lib/armv7e-m/fpu/libc.a(lib_a-mallocr.o)
                              /home/javier/Ac6/SystemWorkbench/plugins/fr.ac6.mcu.externaltools.arm-none.linux64_1.7.0.201602291252/tools/compiler/bin/../lib/gcc/arm-none-eabi/5.2.1/../../../../arm-none-eabi/lib/armv7e-m/fpu/libc.a(lib_a-malloc.o) (_malloc_r)
/home/javier/Ac6/SystemWorkbench/plugins/fr.ac6.mcu.externaltools.arm-none.linux64_1.7.0.201602291252/tools/compiler/bin/../lib/gcc/arm-none-eabi/5.2.1/../../../../arm-none-eabi/lib/armv7e-m/fpu/libc.a(lib_a-memset.o)
                              /home/javier/Ac6/SystemWorkbench/plugins/fr.ac6.mcu.externaltools.arm-none.linux64_1.7.0.201602291252/tools/compiler/bin/../lib/gcc/arm-none-eabi/5.2.1/../../../../arm-none-eabi/lib/armv7e-m/fpu/crt0.o (memset)
[...]
Memory Configuration

Name             Origin             Length             Attributes
FLASH            0x08000000         0x00080000         xr
RAM              0x20000000         0x00020000         xrw
*default*        0x00000000         0xffffffff

Linker script and memory map

LOAD /home/javier/Ac6/SystemWorkbench/plugins/fr.ac6.mcu.externaltools.arm-none.linux64_1.7.0.201602291252/tools/compiler/bin/../lib/gcc/arm-none-eabi/5.2.1/armv7e-m/fpu/crti.o
LOAD /home/javier/Ac6/SystemWorkbench/plugins/fr.ac6.mcu.externaltools.arm-none.linux64_1.7.0.201602291252/tools/compiler/bin/../lib/gcc/arm-none-eabi/5.2.1/armv7e-m/fpu/crtbegin.o
LOAD /home/javier/Ac6/SystemWorkbench/plugins/fr.ac6.mcu.externaltools.arm-none.linux64_1.7.0.201602291252/tools/compiler/bin/../lib/gcc/arm-none-eabi/5.2.1/../../../../arm-none-eabi/lib/armv7e-m/fpu/crt0.o
LOAD /home/javier/Ac6/SystemWorkbench/plugins/fr.ac6.mcu.externaltools.arm-none.linux64_1.7.0.201602291252/tools/compiler/bin/../lib/gcc/arm-none-eabi/5.2.1/../../../../arm-none-eabi/lib/armv7e-m/fpu/libm.a
LOAD Node/HTS221.o
LOAD Node/LPS25H.o
LOAD Node/LSM9DS1_AG.o
LOAD Node/LSM9DS1_M.o
LOAD Node/i2c_sensor.o
LOAD Node/node.o
LOAD Node/sensor_list.o
LOAD src/LList.o
LOAD src/init_periph.o
LOAD src/main.o
LOAD src/stm32f4xx_it.o
LOAD src/syscalls.o
LOAD src/system_stm32f4xx.o
LOAD startup/startup_stm32f411xe.o
LOAD /home/javier/workspace/stm32f411e-disco_hal_lib/Debug/libstm32f411e-disco_hal_lib.a
START GROUP
LOAD /home/javier/Ac6/SystemWorkbench/plugins/fr.ac6.mcu.externaltools.arm-none.linux64_1.7.0.201602291252/tools/compiler/bin/../lib/gcc/arm-none-eabi/5.2.1/armv7e-m/fpu/libgcc.a
LOAD /home/javier/Ac6/SystemWorkbench/plugins/fr.ac6.mcu.externaltools.arm-none.linux64_1.7.0.201602291252/tools/compiler/bin/../lib/gcc/arm-none-eabi/5.2.1/../../../../arm-none-eabi/lib/armv7e-m/fpu/libc.a
END GROUP
LOAD /home/javier/Ac6/SystemWorkbench/plugins/fr.ac6.mcu.externaltools.arm-none.linux64_1.7.0.201602291252/tools/compiler/bin/../lib/gcc/arm-none-eabi/5.2.1/armv7e-m/fpu/crtend.o
LOAD /home/javier/Ac6/SystemWorkbench/plugins/fr.ac6.mcu.externaltools.arm-none.linux64_1.7.0.201602291252/tools/compiler/bin/../lib/gcc/arm-none-eabi/5.2.1/armv7e-m/fpu/crtn.o
                0x20020000                _estack = 0x20020000
                0x00000200                _Min_Heap_Size = 0x200
                0x00000400                _Min_Stack_Size = 0x400

.isr_vector     0x08000000      0x198
                0x08000000                . = ALIGN (0x4)
 *(.isr_vector)
 .isr_vector    0x08000000      0x198 startup/startup_stm32f411xe.o
                0x08000000                g_pfnVectors
                0x08000198                . = ALIGN (0x4)

.text           0x080001c0     0x5278
                0x080001c0                . = ALIGN (0x4)
 *(.text)
 .text          0x080001c0       0xa4 /home/javier/Ac6/SystemWorkbench/plugins/fr.ac6.mcu.externaltools.arm-none.linux64_1.7.0.201602291252/tools/compiler/bin/../lib/gcc/arm-none-eabi/5.2.1/armv7e-m/fpu/crtbegin.o
 .text          0x08000264      0x370 /home/javier/Ac6/SystemWorkbench/plugins/fr.ac6.mcu.externaltools.arm-none.linux64_1.7.0.201602291252/tools/compiler/bin/../lib/gcc/arm-none-eabi/5.2.1/armv7e-m/fpu/libgcc.a(_arm_addsubdf3.o)
                0x08000264                __aeabi_drsub
                0x0800026c                __aeabi_dsub
                0x0800026c                __subdf3
                0x08000270                __adddf3
                0x08000270                __aeabi_dadd
                0x080004e8                __aeabi_ui2d
                0x080004e8                __floatunsidf
                0x08000508                __floatsidf
                0x08000508                __aeabi_i2d
                0x0800052c                __extendsfdf2
                0x0800052c                __aeabi_f2d
                0x08000568                __aeabi_ul2d
                0x08000568                __floatundidf
                0x08000578                __floatdidf
                0x08000578                __aeabi_l2d
 .text          0x080005d4      0x424 /home/javier/Ac6/SystemWorkbench/plugins/fr.ac6.mcu.externaltools.arm-none.linux64_1.7.0.201602291252/tools/compiler/bin/../lib/gcc/arm-none-eabi/5.2.1/armv7e-m/fpu/libgcc.a(_arm_muldivdf3.o)
                0x080005d4                __aeabi_dmul
                0x080005d4                __muldf3
                0x08000828                __aeabi_ddiv
                0x08000828                __divdf3
 .text          0x080009f8       0xa0 /home/javier/Ac6/SystemWorkbench/plugins/fr.ac6.mcu.externaltools.arm-none.linux64_1.7.0.201602291252/tools/compiler/bin/../lib/gcc/arm-none-eabi/5.2.1/armv7e-m/fpu/libgcc.a(_arm_truncdfsf2.o)
                0x080009f8                __aeabi_d2f
                0x080009f8                __truncdfsf2
 *fill*         0x08000a98       0x28 
 .text          0x08000ac0       0xdc /home/javier/Ac6/SystemWorkbench/plugins/fr.ac6.mcu.externaltools.arm-none.linux64_1.7.0.201602291252/tools/compiler/bin/../lib/gcc/arm-none-eabi/5.2.1/../../../../arm-none-eabi/lib/armv7e-m/fpu/libc.a(lib_a-strlen.o)
                0x08000ac0                strlen
 *(.text*)
 .text.HTS221_init_regs
                0x08000b9c      0x200 Node/HTS221.o
                0x08000b9c                HTS221_init_regs
 .text.HTS221_read_regs
                0x08000d9c       0xa8 Node/HTS221.o
                0x08000d9c                HTS221_read_regs
 .text.HTS221_init
                0x08000e44       0x8c Node/HTS221.o
                0x08000e44                HTS221_init
 .text.HTS221_remove
                0x08000ed0       0x28 Node/HTS221.o
                0x08000ed0                HTS221_remove
 .text.LPS25H_read_regs
                0x08000ef8       0xf0 Node/LPS25H.o
                0x08000ef8                LPS25H_read_regs
 .text.LPS25H_init
                0x08000fe8       0x6c Node/LPS25H.o
                0x08000fe8                LPS25H_init
 .text.LPS25H_remove
                0x08001054       0x1c Node/LPS25H.o
                0x08001054                LPS25H_remove
 .text.LSM9DS1_AG_read_regs
                0x08001070       0x7c Node/LSM9DS1_AG.o
                0x08001070                LSM9DS1_AG_read_regs
 .text.LSM9DS1_AG_init
                0x080010ec       0x6c Node/LSM9DS1_AG.o
                0x080010ec                LSM9DS1_AG_init
 .text.LSM9DS1_AG_remove
                0x08001158       0x1c Node/LSM9DS1_AG.o
                0x08001158                LSM9DS1_AG_remove
 .text.LSM9DS1_M_read_regs
                0x08001174       0x48 Node/LSM9DS1_M.o
                0x08001174                LSM9DS1_M_read_regs
 .text.LSM9DS1_M_init
                0x080011bc       0x6c Node/LSM9DS1_M.o
                0x080011bc                LSM9DS1_M_init
 .text.LSM9DS1_M_remove
                0x08001228       0x1c Node/LSM9DS1_M.o
                0x08001228                LSM9DS1_M_remove
 .text.i2c_sensor_probe
                0x08001244       0x5c Node/i2c_sensor.o
                0x08001244                i2c_sensor_probe
 .text.i2c_sensor_init_regs
                0x080012a0       0x94 Node/i2c_sensor.o
                0x080012a0                i2c_sensor_init_regs
 .text.i2c_sensor_read_regs
                0x08001334       0x50 Node/i2c_sensor.o
                0x08001334                i2c_sensor_read_regs
 .text.i2c_sensor_init
                0x08001384       0x98 Node/i2c_sensor.o
                0x08001384                i2c_sensor_init
 .text.LList_CreateList
                0x0800141c       0x30 src/LList.o
                0x0800141c                LList_CreateList
 .text.LList_AppendElement
                0x0800144c       0x4c src/LList.o
                0x0800144c                LList_AppendElement
 .text.HAL_I2C_MemTxCpltCallback
                0x08001498       0x20 src/init_periph.o
                0x08001498                HAL_I2C_MemTxCpltCallback
 .text.HAL_I2C_ErrorCallback
                0x080014b8       0x20 src/init_periph.o
                0x080014b8                HAL_I2C_ErrorCallback
 .text.i2c_init
                0x080014d8      0x198 src/init_periph.o
                0x080014d8                i2c_init
 .text.addSensor
                0x08001670       0x70 src/main.o
                0x08001670                addSensor
 .text.readSensors
                0x080016e0       0x34 src/main.o
                0x080016e0                readSensors
 .text.main     0x08001714       0xb8 src/main.o
                0x08001714                main
 .text.InitClk  0x080017cc       0xa0 src/main.o
                0x080017cc                InitClk
 .text.SysTick_Handler
                0x0800186c       0x10 src/stm32f4xx_it.o
                0x0800186c                SysTick_Handler
 .text.DMA1_Stream1_IRQHandler
                0x0800187c       0x14 src/stm32f4xx_it.o
                0x0800187c                DMA1_Stream1_IRQHandler
 .text.I2C1_EV_IRQHandler
                0x08001890       0x14 src/stm32f4xx_it.o
                0x08001890                I2C1_EV_IRQHandler
 .text.I2C1_ER_IRQHandler
                0x080018a4       0x14 src/stm32f4xx_it.o
                0x080018a4                I2C1_ER_IRQHandler
 .text._sbrk    0x080018b8       0x58 src/syscalls.o
                0x080018b8                _sbrk
 .text.SystemInit
                0x08001910       0x6c src/system_stm32f4xx.o
                0x08001910                SystemInit
 .text.Reset_Handler
                0x0800197c       0x50 startup/startup_stm32f411xe.o
                0x0800197c                Reset_Handler
 .text.Default_Handler
                0x080019cc        0x2 startup/startup_stm32f411xe.o
                0x080019cc                RTC_Alarm_IRQHandler
                0x080019cc                EXTI2_IRQHandler
                0x080019cc                DebugMon_Handler
                0x080019cc                SPI4_IRQHandler
                0x080019cc                TIM1_CC_IRQHandler
                0x080019cc                DMA2_Stream5_IRQHandler
                0x080019cc                HardFault_Handler
                0x080019cc                DMA1_Stream5_IRQHandler
                0x080019cc                PVD_IRQHandler
                0x080019cc                SDIO_IRQHandler
                0x080019cc                TAMP_STAMP_IRQHandler
                0x080019cc                PendSV_Handler
                0x080019cc                NMI_Handler
                0x080019cc                EXTI3_IRQHandler
                0x080019cc                TIM1_UP_TIM10_IRQHandler
                0x080019cc                I2C3_ER_IRQHandler
                0x080019cc                EXTI0_IRQHandler
                0x080019cc                I2C2_EV_IRQHandler
                0x080019cc                DMA1_Stream2_IRQHandler
                0x080019cc                FPU_IRQHandler
                0x080019cc                UsageFault_Handler
                0x080019cc                DMA2_Stream2_IRQHandler
                0x080019cc                SPI1_IRQHandler
                0x080019cc                TIM1_BRK_TIM9_IRQHandler
                0x080019cc                DMA2_Stream3_IRQHandler
                0x080019cc                USART6_IRQHandler
                0x080019cc                DMA2_Stream0_IRQHandler
                0x080019cc                TIM4_IRQHandler
                0x080019cc                DMA1_Stream6_IRQHandler
                0x080019cc                TIM3_IRQHandler
                0x080019cc                RCC_IRQHandler
                0x080019cc                Default_Handler
                0x080019cc                EXTI15_10_IRQHandler
                0x080019cc                ADC_IRQHandler
                0x080019cc                DMA1_Stream7_IRQHandler
                0x080019cc                SPI5_IRQHandler
                0x080019cc                TIM5_IRQHandler
                0x080019cc                DMA2_Stream7_IRQHandler
                0x080019cc                I2C3_EV_IRQHandler
                0x080019cc                EXTI9_5_IRQHandler
                0x080019cc                RTC_WKUP_IRQHandler
                0x080019cc                SPI2_IRQHandler
                0x080019cc                MemManage_Handler
                0x080019cc                DMA1_Stream0_IRQHandler
                0x080019cc                SVC_Handler
                0x080019cc                EXTI4_IRQHandler
                0x080019cc                WWDG_IRQHandler
                0x080019cc                TIM2_IRQHandler
                0x080019cc                OTG_FS_WKUP_IRQHandler
                0x080019cc                TIM1_TRG_COM_TIM11_IRQHandler
                0x080019cc                EXTI1_IRQHandler
                0x080019cc                USART2_IRQHandler
                0x080019cc                I2C2_ER_IRQHandler
                0x080019cc                DMA2_Stream1_IRQHandler
                0x080019cc                FLASH_IRQHandler
                0x080019cc                DMA2_Stream4_IRQHandler
                0x080019cc                BusFault_Handler
                0x080019cc                USART1_IRQHandler
                0x080019cc                OTG_FS_IRQHandler
                0x080019cc                SPI3_IRQHandler
                0x080019cc                DMA1_Stream4_IRQHandler
                0x080019cc                DMA2_Stream6_IRQHandler
                0x080019cc                DMA1_Stream3_IRQHandler
 *fill*         0x080019ce        0x2 
 .text.HAL_Init
                0x080019d0       0x44 /home/javier/workspace/stm32f411e-disco_hal_lib/Debug/libstm32f411e-disco_hal_lib.a(stm32f4xx_hal.o)
                0x080019d0                HAL_Init
 .text.HAL_MspInit
                0x08001a14       0x10 /home/javier/workspace/stm32f411e-disco_hal_lib/Debug/libstm32f411e-disco_hal_lib.a(stm32f4xx_hal.o)
                0x08001a14                HAL_MspInit
 .text.HAL_InitTick
                0x08001a24       0x38 /home/javier/workspace/stm32f411e-disco_hal_lib/Debug/libstm32f411e-disco_hal_lib.a(stm32f4xx_hal.o)
                0x08001a24                HAL_InitTick
 .text.HAL_IncTick
                0x08001a5c       0x1c /home/javier/workspace/stm32f411e-disco_hal_lib/Debug/libstm32f411e-disco_hal_lib.a(stm32f4xx_hal.o)
                0x08001a5c                HAL_IncTick
 .text.HAL_GetTick
                0x08001a78       0x18 /home/javier/workspace/stm32f411e-disco_hal_lib/Debug/libstm32f411e-disco_hal_lib.a(stm32f4xx_hal.o)
                0x08001a78                HAL_GetTick
 .text.HAL_Delay
                0x08001a90       0x2c /home/javier/workspace/stm32f411e-disco_hal_lib/Debug/libstm32f411e-disco_hal_lib.a(stm32f4xx_hal.o)
                0x08001a90                HAL_Delay
 .text.NVIC_SetPriorityGrouping
                0x08001abc       0x48 /home/javier/workspace/stm32f411e-disco_hal_lib/Debug/libstm32f411e-disco_hal_lib.a(stm32f4xx_hal_cortex.o)
 .text.NVIC_GetPriorityGrouping
                0x08001b04       0x1c /home/javier/workspace/stm32f411e-disco_hal_lib/Debug/libstm32f411e-disco_hal_lib.a(stm32f4xx_hal_cortex.o)
 .text.NVIC_EnableIRQ
                0x08001b20       0x34 /home/javier/workspace/stm32f411e-disco_hal_lib/Debug/libstm32f411e-disco_hal_lib.a(stm32f4xx_hal_cortex.o)
 .text.NVIC_SetPriority
                0x08001b54       0x54 /home/javier/workspace/stm32f411e-disco_hal_lib/Debug/libstm32f411e-disco_hal_lib.a(stm32f4xx_hal_cortex.o)
 .text.NVIC_EncodePriority
                0x08001ba8       0x64 /home/javier/workspace/stm32f411e-disco_hal_lib/Debug/libstm32f411e-disco_hal_lib.a(stm32f4xx_hal_cortex.o)
 .text.SysTick_Config
                0x08001c0c       0x44 /home/javier/workspace/stm32f411e-disco_hal_lib/Debug/libstm32f411e-disco_hal_lib.a(stm32f4xx_hal_cortex.o)
 .text.HAL_NVIC_SetPriorityGrouping
                0x08001c50       0x18 /home/javier/workspace/stm32f411e-disco_hal_lib/Debug/libstm32f411e-disco_hal_lib.a(stm32f4xx_hal_cortex.o)
                0x08001c50                HAL_NVIC_SetPriorityGrouping
 .text.HAL_NVIC_SetPriority
                0x08001c68       0x38 /home/javier/workspace/stm32f411e-disco_hal_lib/Debug/libstm32f411e-disco_hal_lib.a(stm32f4xx_hal_cortex.o)
                0x08001c68                HAL_NVIC_SetPriority
 .text.HAL_NVIC_EnableIRQ
                0x08001ca0       0x1c /home/javier/workspace/stm32f411e-disco_hal_lib/Debug/libstm32f411e-disco_hal_lib.a(stm32f4xx_hal_cortex.o)
                0x08001ca0                HAL_NVIC_EnableIRQ
 .text.HAL_SYSTICK_Config
                0x08001cbc       0x18 /home/javier/workspace/stm32f411e-disco_hal_lib/Debug/libstm32f411e-disco_hal_lib.a(stm32f4xx_hal_cortex.o)
                0x08001cbc                HAL_SYSTICK_Config
 .text.HAL_SYSTICK_IRQHandler
                0x08001cd4        0xc /home/javier/workspace/stm32f411e-disco_hal_lib/Debug/libstm32f411e-disco_hal_lib.a(stm32f4xx_hal_cortex.o)
                0x08001cd4                HAL_SYSTICK_IRQHandler
 .text.HAL_SYSTICK_Callback
                0x08001ce0       0x10 /home/javier/workspace/stm32f411e-disco_hal_lib/Debug/libstm32f411e-disco_hal_lib.a(stm32f4xx_hal_cortex.o)
                0x08001ce0                HAL_SYSTICK_Callback
 .text.HAL_DMA_Init
                0x08001cf0       0xd8 /home/javier/workspace/stm32f411e-disco_hal_lib/Debug/libstm32f411e-disco_hal_lib.a(stm32f4xx_hal_dma.o)
                0x08001cf0                HAL_DMA_Init
 .text.HAL_DMA_Start_IT
                0x08001dc8       0x84 /home/javier/workspace/stm32f411e-disco_hal_lib/Debug/libstm32f411e-disco_hal_lib.a(stm32f4xx_hal_dma.o)
                0x08001dc8                HAL_DMA_Start_IT
 .text.HAL_DMA_IRQHandler
                0x08001e4c      0x2d8 /home/javier/workspace/stm32f411e-disco_hal_lib/Debug/libstm32f411e-disco_hal_lib.a(stm32f4xx_hal_dma.o)
                0x08001e4c                HAL_DMA_IRQHandler
 .text.DMA_SetConfig
                0x08002124       0x5c /home/javier/workspace/stm32f411e-disco_hal_lib/Debug/libstm32f411e-disco_hal_lib.a(stm32f4xx_hal_dma.o)
 .text.DMA_CalcBaseAndBitshift
                0x08002180       0x6c /home/javier/workspace/stm32f411e-disco_hal_lib/Debug/libstm32f411e-disco_hal_lib.a(stm32f4xx_hal_dma.o)
 .text.HAL_GPIO_Init
                0x080021ec      0x304 /home/javier/workspace/stm32f411e-disco_hal_lib/Debug/libstm32f411e-disco_hal_lib.a(stm32f4xx_hal_gpio.o)
                0x080021ec                HAL_GPIO_Init
 .text.HAL_I2C_Init
                0x080024f0      0x1c0 /home/javier/workspace/stm32f411e-disco_hal_lib/Debug/libstm32f411e-disco_hal_lib.a(stm32f4xx_hal_i2c.o)
                0x080024f0                HAL_I2C_Init
 .text.HAL_I2C_MspInit
                0x080026b0       0x14 /home/javier/workspace/stm32f411e-disco_hal_lib/Debug/libstm32f411e-disco_hal_lib.a(stm32f4xx_hal_i2c.o)
                0x080026b0                HAL_I2C_MspInit
 .text.HAL_I2C_Mem_Write
                0x080026c4      0x198 /home/javier/workspace/stm32f411e-disco_hal_lib/Debug/libstm32f411e-disco_hal_lib.a(stm32f4xx_hal_i2c.o)
                0x080026c4                HAL_I2C_Mem_Write
 .text.HAL_I2C_Mem_Read
                0x0800285c      0x33c /home/javier/workspace/stm32f411e-disco_hal_lib/Debug/libstm32f411e-disco_hal_lib.a(stm32f4xx_hal_i2c.o)
                0x0800285c                HAL_I2C_Mem_Read
 .text.HAL_I2C_Mem_Write_DMA
                0x08002b98      0x19c /home/javier/workspace/stm32f411e-disco_hal_lib/Debug/libstm32f411e-disco_hal_lib.a(stm32f4xx_hal_i2c.o)
                0x08002b98                HAL_I2C_Mem_Write_DMA
 .text.HAL_I2C_EV_IRQHandler
                0x08002d34      0x2f4 /home/javier/workspace/stm32f411e-disco_hal_lib/Debug/libstm32f411e-disco_hal_lib.a(stm32f4xx_hal_i2c.o)
                0x08002d34                HAL_I2C_EV_IRQHandler
 .text.HAL_I2C_ER_IRQHandler
                0x08003028      0x248 /home/javier/workspace/stm32f411e-disco_hal_lib/Debug/libstm32f411e-disco_hal_lib.a(stm32f4xx_hal_i2c.o)
                0x08003028                HAL_I2C_ER_IRQHandler
 .text.HAL_I2C_MasterTxCpltCallback
                0x08003270       0x14 /home/javier/workspace/stm32f411e-disco_hal_lib/Debug/libstm32f411e-disco_hal_lib.a(stm32f4xx_hal_i2c.o)
                0x08003270                HAL_I2C_MasterTxCpltCallback
 .text.HAL_I2C_MasterRxCpltCallback
                0x08003284       0x14 /home/javier/workspace/stm32f411e-disco_hal_lib/Debug/libstm32f411e-disco_hal_lib.a(stm32f4xx_hal_i2c.o)
                0x08003284                HAL_I2C_MasterRxCpltCallback
 .text.HAL_I2C_SlaveTxCpltCallback
                0x08003298       0x14 /home/javier/workspace/stm32f411e-disco_hal_lib/Debug/libstm32f411e-disco_hal_lib.a(stm32f4xx_hal_i2c.o)
                0x08003298                HAL_I2C_SlaveTxCpltCallback
 .text.HAL_I2C_SlaveRxCpltCallback
                0x080032ac       0x14 /home/javier/workspace/stm32f411e-disco_hal_lib/Debug/libstm32f411e-disco_hal_lib.a(stm32f4xx_hal_i2c.o)
                0x080032ac                HAL_I2C_SlaveRxCpltCallback
 .text.HAL_I2C_AddrCallback
                0x080032c0       0x1c /home/javier/workspace/stm32f411e-disco_hal_lib/Debug/libstm32f411e-disco_hal_lib.a(stm32f4xx_hal_i2c.o)
                0x080032c0                HAL_I2C_AddrCallback
 .text.HAL_I2C_ListenCpltCallback
                0x080032dc       0x14 /home/javier/workspace/stm32f411e-disco_hal_lib/Debug/libstm32f411e-disco_hal_lib.a(stm32f4xx_hal_i2c.o)
                0x080032dc                HAL_I2C_ListenCpltCallback
 .text.HAL_I2C_MemRxCpltCallback
                0x080032f0       0x14 /home/javier/workspace/stm32f411e-disco_hal_lib/Debug/libstm32f411e-disco_hal_lib.a(stm32f4xx_hal_i2c.o)
                0x080032f0                HAL_I2C_MemRxCpltCallback
 .text.I2C_MasterTransmit_TXE
                0x08003304       0x54 /home/javier/workspace/stm32f411e-disco_hal_lib/Debug/libstm32f411e-disco_hal_lib.a(stm32f4xx_hal_i2c.o)
 .text.I2C_MasterTransmit_BTF
                0x08003358      0x108 /home/javier/workspace/stm32f411e-disco_hal_lib/Debug/libstm32f411e-disco_hal_lib.a(stm32f4xx_hal_i2c.o)
 .text.I2C_MasterReceive_RXNE
                0x08003460      0x178 /home/javier/workspace/stm32f411e-disco_hal_lib/Debug/libstm32f411e-disco_hal_lib.a(stm32f4xx_hal_i2c.o)
 .text.I2C_MasterReceive_BTF
                0x080035d8      0x1c0 /home/javier/workspace/stm32f411e-disco_hal_lib/Debug/libstm32f411e-disco_hal_lib.a(stm32f4xx_hal_i2c.o)
 .text.I2C_SlaveTransmit_TXE
                0x08003798       0x90 /home/javier/workspace/stm32f411e-disco_hal_lib/Debug/libstm32f411e-disco_hal_lib.a(stm32f4xx_hal_i2c.o)
 .text.I2C_SlaveTransmit_BTF
                0x08003828       0x40 /home/javier/workspace/stm32f411e-disco_hal_lib/Debug/libstm32f411e-disco_hal_lib.a(stm32f4xx_hal_i2c.o)
 .text.I2C_SlaveReceive_RXNE
                0x08003868       0x94 /home/javier/workspace/stm32f411e-disco_hal_lib/Debug/libstm32f411e-disco_hal_lib.a(stm32f4xx_hal_i2c.o)
 .text.I2C_SlaveReceive_BTF
                0x080038fc       0x44 /home/javier/workspace/stm32f411e-disco_hal_lib/Debug/libstm32f411e-disco_hal_lib.a(stm32f4xx_hal_i2c.o)
 .text.I2C_Slave_ADDR
                0x08003940       0x54 /home/javier/workspace/stm32f411e-disco_hal_lib/Debug/libstm32f411e-disco_hal_lib.a(stm32f4xx_hal_i2c.o)
 .text.I2C_Slave_STOPF
                0x08003994       0xb8 /home/javier/workspace/stm32f411e-disco_hal_lib/Debug/libstm32f411e-disco_hal_lib.a(stm32f4xx_hal_i2c.o)
 .text.I2C_Slave_AF
                0x08003a4c      0x100 /home/javier/workspace/stm32f411e-disco_hal_lib/Debug/libstm32f411e-disco_hal_lib.a(stm32f4xx_hal_i2c.o)
 .text.I2C_RequestMemoryWrite
                0x08003b4c      0x11c /home/javier/workspace/stm32f411e-disco_hal_lib/Debug/libstm32f411e-disco_hal_lib.a(stm32f4xx_hal_i2c.o)
 .text.I2C_RequestMemoryRead
                0x08003c68      0x1b0 /home/javier/workspace/stm32f411e-disco_hal_lib/Debug/libstm32f411e-disco_hal_lib.a(stm32f4xx_hal_i2c.o)
 .text.I2C_DMAMemTransmitCplt
                0x08003e18       0x84 /home/javier/workspace/stm32f411e-disco_hal_lib/Debug/libstm32f411e-disco_hal_lib.a(stm32f4xx_hal_i2c.o)
 .text.I2C_DMAError
                0x08003e9c       0x50 /home/javier/workspace/stm32f411e-disco_hal_lib/Debug/libstm32f411e-disco_hal_lib.a(stm32f4xx_hal_i2c.o)
 .text.I2C_WaitOnFlagUntilTimeout
                0x08003eec      0x120 /home/javier/workspace/stm32f411e-disco_hal_lib/Debug/libstm32f411e-disco_hal_lib.a(stm32f4xx_hal_i2c.o)
 .text.I2C_WaitOnMasterAddressFlagUntilTimeout
                0x0800400c       0xe4 /home/javier/workspace/stm32f411e-disco_hal_lib/Debug/libstm32f411e-disco_hal_lib.a(stm32f4xx_hal_i2c.o)
 .text.I2C_WaitOnTXEFlagUntilTimeout
                0x080040f0       0x80 /home/javier/workspace/stm32f411e-disco_hal_lib/Debug/libstm32f411e-disco_hal_lib.a(stm32f4xx_hal_i2c.o)
 .text.I2C_WaitOnRXNEFlagUntilTimeout
                0x08004170       0x9c /home/javier/workspace/stm32f411e-disco_hal_lib/Debug/libstm32f411e-disco_hal_lib.a(stm32f4xx_hal_i2c.o)
 .text.I2C_IsAcknowledgeFailed
                0x0800420c       0x50 /home/javier/workspace/stm32f411e-disco_hal_lib/Debug/libstm32f411e-disco_hal_lib.a(stm32f4xx_hal_i2c.o)
 .text.HAL_RCC_OscConfig
                0x0800425c      0x424 /home/javier/workspace/stm32f411e-disco_hal_lib/Debug/libstm32f411e-disco_hal_lib.a(stm32f4xx_hal_rcc.o)
                0x0800425c                HAL_RCC_OscConfig
 .text.HAL_RCC_ClockConfig
                0x08004680      0x1e4 /home/javier/workspace/stm32f411e-disco_hal_lib/Debug/libstm32f411e-disco_hal_lib.a(stm32f4xx_hal_rcc.o)
                0x08004680                HAL_RCC_ClockConfig
 .text.HAL_RCC_GetSysClockFreq
                0x08004864       0xfc /home/javier/workspace/stm32f411e-disco_hal_lib/Debug/libstm32f411e-disco_hal_lib.a(stm32f4xx_hal_rcc.o)
                0x08004864                HAL_RCC_GetSysClockFreq
 .text.HAL_RCC_GetHCLKFreq
                0x08004960       0x50 /home/javier/workspace/stm32f411e-disco_hal_lib/Debug/libstm32f411e-disco_hal_lib.a(stm32f4xx_hal_rcc.o)
                0x08004960                HAL_RCC_GetHCLKFreq
 .text.HAL_RCC_GetPCLK1Freq
                0x080049b0       0x44 /home/javier/workspace/stm32f411e-disco_hal_lib/Debug/libstm32f411e-disco_hal_lib.a(stm32f4xx_hal_rcc.o)
                0x080049b0                HAL_RCC_GetPCLK1Freq
 .text.__errno  0x080049f4        0xc /home/javier/Ac6/SystemWorkbench/plugins/fr.ac6.mcu.externaltools.arm-none.linux64_1.7.0.201602291252/tools/compiler/bin/../lib/gcc/arm-none-eabi/5.2.1/../../../../arm-none-eabi/lib/armv7e-m/fpu/libc.a(lib_a-errno.o)
                0x080049f4                __errno
 .text.__libc_init_array
                0x08004a00       0x50 /home/javier/Ac6/SystemWorkbench/plugins/fr.ac6.mcu.externaltools.arm-none.linux64_1.7.0.201602291252/tools/compiler/bin/../lib/gcc/arm-none-eabi/5.2.1/../../../../arm-none-eabi/lib/armv7e-m/fpu/libc.a(lib_a-init.o)
                0x08004a00                __libc_init_array
 .text.malloc   0x08004a50       0x10 /home/javier/Ac6/SystemWorkbench/plugins/fr.ac6.mcu.externaltools.arm-none.linux64_1.7.0.201602291252/tools/compiler/bin/../lib/gcc/arm-none-eabi/5.2.1/../../../../arm-none-eabi/lib/armv7e-m/fpu/libc.a(lib_a-malloc.o)
                0x08004a50                malloc
 .text.free     0x08004a60       0x10 /home/javier/Ac6/SystemWorkbench/plugins/fr.ac6.mcu.externaltools.arm-none.linux64_1.7.0.201602291252/tools/compiler/bin/../lib/gcc/arm-none-eabi/5.2.1/../../../../arm-none-eabi/lib/armv7e-m/fpu/libc.a(lib_a-malloc.o)
                0x08004a60                free
 .text._malloc_r
                0x08004a70      0x570 /home/javier/Ac6/SystemWorkbench/plugins/fr.ac6.mcu.externaltools.arm-none.linux64_1.7.0.201602291252/tools/compiler/bin/../lib/gcc/arm-none-eabi/5.2.1/../../../../arm-none-eabi/lib/armv7e-m/fpu/libc.a(lib_a-mallocr.o)
                0x08004a70                _malloc_r
 .text.__malloc_lock
                0x08004fe0        0x4 /home/javier/Ac6/SystemWorkbench/plugins/fr.ac6.mcu.externaltools.arm-none.linux64_1.7.0.201602291252/tools/compiler/bin/../lib/gcc/arm-none-eabi/5.2.1/../../../../arm-none-eabi/lib/armv7e-m/fpu/libc.a(lib_a-mlock.o)
                0x08004fe0                __malloc_lock
 .text.__malloc_unlock
                0x08004fe4        0x4 /home/javier/Ac6/SystemWorkbench/plugins/fr.ac6.mcu.externaltools.arm-none.linux64_1.7.0.201602291252/tools/compiler/bin/../lib/gcc/arm-none-eabi/5.2.1/../../../../arm-none-eabi/lib/armv7e-m/fpu/libc.a(lib_a-mlock.o)
                0x08004fe4                __malloc_unlock
 .text._sbrk_r  0x08004fe8       0x24 /home/javier/Ac6/SystemWorkbench/plugins/fr.ac6.mcu.externaltools.arm-none.linux64_1.7.0.201602291252/tools/compiler/bin/../lib/gcc/arm-none-eabi/5.2.1/../../../../arm-none-eabi/lib/armv7e-m/fpu/libc.a(lib_a-sbrkr.o)
                0x08004fe8                _sbrk_r
 .text.strcpy   0x0800500c       0xbc /home/javier/Ac6/SystemWorkbench/plugins/fr.ac6.mcu.externaltools.arm-none.linux64_1.7.0.201602291252/tools/compiler/bin/../lib/gcc/arm-none-eabi/5.2.1/../../../../arm-none-eabi/lib/armv7e-m/fpu/libc.a(lib_a-strcpy.o)
                0x0800500c                strcpy
 .text.startup.register_fini
                0x080050c8       0x14 /home/javier/Ac6/SystemWorkbench/plugins/fr.ac6.mcu.externaltools.arm-none.linux64_1.7.0.201602291252/tools/compiler/bin/../lib/gcc/arm-none-eabi/5.2.1/../../../../arm-none-eabi/lib/armv7e-m/fpu/libc.a(lib_a-__call_atexit.o)
 .text.atexit   0x080050dc        0xc /home/javier/Ac6/SystemWorkbench/plugins/fr.ac6.mcu.externaltools.arm-none.linux64_1.7.0.201602291252/tools/compiler/bin/../lib/gcc/arm-none-eabi/5.2.1/../../../../arm-none-eabi/lib/armv7e-m/fpu/libc.a(lib_a-atexit.o)
                0x080050dc                atexit
 .text.__libc_fini_array
                0x080050e8       0x28 /home/javier/Ac6/SystemWorkbench/plugins/fr.ac6.mcu.externaltools.arm-none.linux64_1.7.0.201602291252/tools/compiler/bin/../lib/gcc/arm-none-eabi/5.2.1/../../../../arm-none-eabi/lib/armv7e-m/fpu/libc.a(lib_a-fini.o)
                0x080050e8                __libc_fini_array
 .text._malloc_trim_r
                0x08005110       0x9c /home/javier/Ac6/SystemWorkbench/plugins/fr.ac6.mcu.externaltools.arm-none.linux64_1.7.0.201602291252/tools/compiler/bin/../lib/gcc/arm-none-eabi/5.2.1/../../../../arm-none-eabi/lib/armv7e-m/fpu/libc.a(lib_a-freer.o)
                0x08005110                _malloc_trim_r
 .text._free_r  0x080051ac      0x1d0 /home/javier/Ac6/SystemWorkbench/plugins/fr.ac6.mcu.externaltools.arm-none.linux64_1.7.0.201602291252/tools/compiler/bin/../lib/gcc/arm-none-eabi/5.2.1/../../../../arm-none-eabi/lib/armv7e-m/fpu/libc.a(lib_a-freer.o)
                0x080051ac                _free_r
 .text.__register_exitproc
                0x0800537c       0xa4 /home/javier/Ac6/SystemWorkbench/plugins/fr.ac6.mcu.externaltools.arm-none.linux64_1.7.0.201602291252/tools/compiler/bin/../lib/gcc/arm-none-eabi/5.2.1/../../../../arm-none-eabi/lib/armv7e-m/fpu/libc.a(lib_a-__atexit.o)
                0x0800537c                __register_exitproc
 *(.glue_7)
 .glue_7        0x08005420        0x0 linker stubs
 *(.glue_7t)
 .glue_7t       0x08005420        0x0 linker stubs
 *(.eh_frame)
 .eh_frame      0x08005420        0x0 /home/javier/Ac6/SystemWorkbench/plugins/fr.ac6.mcu.externaltools.arm-none.linux64_1.7.0.201602291252/tools/compiler/bin/../lib/gcc/arm-none-eabi/5.2.1/armv7e-m/fpu/crtbegin.o
 *(.init)
 .init          0x08005420        0x4 /home/javier/Ac6/SystemWorkbench/plugins/fr.ac6.mcu.externaltools.arm-none.linux64_1.7.0.201602291252/tools/compiler/bin/../lib/gcc/arm-none-eabi/5.2.1/armv7e-m/fpu/crti.o
                0x08005420                _init
 .init          0x08005424        0x8 /home/javier/Ac6/SystemWorkbench/plugins/fr.ac6.mcu.externaltools.arm-none.linux64_1.7.0.201602291252/tools/compiler/bin/../lib/gcc/arm-none-eabi/5.2.1/armv7e-m/fpu/crtn.o
 *(.fini)
 .fini          0x0800542c        0x4 /home/javier/Ac6/SystemWorkbench/plugins/fr.ac6.mcu.externaltools.arm-none.linux64_1.7.0.201602291252/tools/compiler/bin/../lib/gcc/arm-none-eabi/5.2.1/armv7e-m/fpu/crti.o
                0x0800542c                _fini
 .fini          0x08005430        0x8 /home/javier/Ac6/SystemWorkbench/plugins/fr.ac6.mcu.externaltools.arm-none.linux64_1.7.0.201602291252/tools/compiler/bin/../lib/gcc/arm-none-eabi/5.2.1/armv7e-m/fpu/crtn.o
                0x08005438                . = ALIGN (0x4)
                0x08005438                _etext = .

.vfp11_veneer   0x08005438        0x0
 .vfp11_veneer  0x08005438        0x0 linker stubs

.v4_bx          0x08005438        0x0
 .v4_bx         0x08005438        0x0 linker stubs

.iplt           0x08005438        0x0
 .iplt          0x08005438        0x0 /home/javier/Ac6/SystemWorkbench/plugins/fr.ac6.mcu.externaltools.arm-none.linux64_1.7.0.201602291252/tools/compiler/bin/../lib/gcc/arm-none-eabi/5.2.1/armv7e-m/fpu/crtbegin.o

.rodata         0x08005438       0x48
                0x08005438                . = ALIGN (0x4)
 *(.rodata)
 .rodata        0x08005438        0x7 Node/HTS221.o
 *fill*         0x0800543f        0x1 
 .rodata        0x08005440        0x7 Node/LPS25H.o
 *fill*         0x08005447        0x1 
 .rodata        0x08005448        0xb Node/LSM9DS1_AG.o
 *fill*         0x08005453        0x1 
 .rodata        0x08005454        0xb Node/LSM9DS1_M.o
 *fill*         0x0800545f        0x1 
 .rodata        0x08005460        0x8 /home/javier/workspace/stm32f411e-disco_hal_lib/Debug/libstm32f411e-disco_hal_lib.a(stm32f4xx_hal_dma.o)
 .rodata        0x08005468       0x10 /home/javier/workspace/stm32f411e-disco_hal_lib/Debug/libstm32f411e-disco_hal_lib.a(stm32f4xx_hal_rcc.o)
                0x08005468                APBAHBPrescTable
 *(.rodata*)
 .rodata.str1.4
                0x08005478        0x4 /home/javier/Ac6/SystemWorkbench/plugins/fr.ac6.mcu.externaltools.arm-none.linux64_1.7.0.201602291252/tools/compiler/bin/../lib/gcc/arm-none-eabi/5.2.1/../../../../arm-none-eabi/lib/armv7e-m/fpu/libc.a(lib_a-impure.o)
                                  0x2 (size before relaxing)
 .rodata._global_impure_ptr
                0x0800547c        0x4 /home/javier/Ac6/SystemWorkbench/plugins/fr.ac6.mcu.externaltools.arm-none.linux64_1.7.0.201602291252/tools/compiler/bin/../lib/gcc/arm-none-eabi/5.2.1/../../../../arm-none-eabi/lib/armv7e-m/fpu/libc.a(lib_a-impure.o)
                0x0800547c                _global_impure_ptr
                0x08005480                . = ALIGN (0x4)

.rel.dyn        0x08005480        0x0
 .rel.iplt      0x08005480        0x0 /home/javier/Ac6/SystemWorkbench/plugins/fr.ac6.mcu.externaltools.arm-none.linux64_1.7.0.201602291252/tools/compiler/bin/../lib/gcc/arm-none-eabi/5.2.1/armv7e-m/fpu/crtbegin.o

.ARM.extab
 *(.ARM.extab* .gnu.linkonce.armextab.*)

.ARM            0x08005480        0x0
                0x08005480                __exidx_start = .
 *(.ARM.exidx*)
                0x08005480                __exidx_end = .

.preinit_array  0x08005480        0x0
                0x08005480                PROVIDE (__preinit_array_start, .)
 *(.preinit_array*)
                0x08005480                PROVIDE (__preinit_array_end, .)

.init_array     0x08005480        0x8
                0x08005480                PROVIDE (__init_array_start, .)
 *(SORT(.init_array.*))
 .init_array.00000
                0x08005480        0x4 /home/javier/Ac6/SystemWorkbench/plugins/fr.ac6.mcu.externaltools.arm-none.linux64_1.7.0.201602291252/tools/compiler/bin/../lib/gcc/arm-none-eabi/5.2.1/../../../../arm-none-eabi/lib/armv7e-m/fpu/libc.a(lib_a-__call_atexit.o)
 *(.init_array*)
 .init_array    0x08005484        0x4 /home/javier/Ac6/SystemWorkbench/plugins/fr.ac6.mcu.externaltools.arm-none.linux64_1.7.0.201602291252/tools/compiler/bin/../lib/gcc/arm-none-eabi/5.2.1/armv7e-m/fpu/crtbegin.o
                0x08005488                PROVIDE (__init_array_end, .)

.fini_array     0x08005488        0x4
                0x08005488                PROVIDE (__fini_array_start, .)
 *(SORT(.fini_array.*))
 *(.fini_array*)
 .fini_array    0x08005488        0x4 /home/javier/Ac6/SystemWorkbench/plugins/fr.ac6.mcu.externaltools.arm-none.linux64_1.7.0.201602291252/tools/compiler/bin/../lib/gcc/arm-none-eabi/5.2.1/armv7e-m/fpu/crtbegin.o
                0x0800548c                PROVIDE (__fini_array_end, .)
                0x0800548c                _sidata = LOADADDR (.data)

.data           0x20000000      0x984 load address 0x0800548c
                0x20000000                . = ALIGN (0x4)
                0x20000000                _sdata = .
 *(.data)
 .data          0x20000000       0x3c Node/HTS221.o
                0x20000000                HTS221_intf
 .data          0x2000003c       0x44 Node/LPS25H.o
                0x2000003c                LPS25H_intf
 .data          0x20000080       0x44 Node/LSM9DS1_AG.o
                0x20000080                LSM9DS1_AG_intf
 .data          0x200000c4       0x4c Node/LSM9DS1_M.o
                0x200000c4                LSM9DS1_M_intf
 .data          0x20000110        0xc Node/i2c_sensor.o
 .data          0x2000011c       0x14 Node/sensor_list.o
                0x2000011c                discoverable_devices
 .data          0x20000130       0x14 src/system_stm32f4xx.o
                0x20000130                SystemCoreClock
                0x20000134                AHBPrescTable
 *(.data*)
 *fill*         0x20000144        0x4 
 .data.impure_data
                0x20000148      0x428 /home/javier/Ac6/SystemWorkbench/plugins/fr.ac6.mcu.externaltools.arm-none.linux64_1.7.0.201602291252/tools/compiler/bin/../lib/gcc/arm-none-eabi/5.2.1/../../../../arm-none-eabi/lib/armv7e-m/fpu/libc.a(lib_a-impure.o)
 .data._impure_ptr
                0x20000570        0x4 /home/javier/Ac6/SystemWorkbench/plugins/fr.ac6.mcu.externaltools.arm-none.linux64_1.7.0.201602291252/tools/compiler/bin/../lib/gcc/arm-none-eabi/5.2.1/../../../../arm-none-eabi/lib/armv7e-m/fpu/libc.a(lib_a-impure.o)
                0x20000570                _impure_ptr
 .data.__malloc_av_
                0x20000574      0x408 /home/javier/Ac6/SystemWorkbench/plugins/fr.ac6.mcu.externaltools.arm-none.linux64_1.7.0.201602291252/tools/compiler/bin/../lib/gcc/arm-none-eabi/5.2.1/../../../../arm-none-eabi/lib/armv7e-m/fpu/libc.a(lib_a-mallocr.o)
                0x20000574                __malloc_av_
 .data.__malloc_trim_threshold
                0x2000097c        0x4 /home/javier/Ac6/SystemWorkbench/plugins/fr.ac6.mcu.externaltools.arm-none.linux64_1.7.0.201602291252/tools/compiler/bin/../lib/gcc/arm-none-eabi/5.2.1/../../../../arm-none-eabi/lib/armv7e-m/fpu/libc.a(lib_a-mallocr.o)
                0x2000097c                __malloc_trim_threshold
 .data.__malloc_sbrk_base
                0x20000980        0x4 /home/javier/Ac6/SystemWorkbench/plugins/fr.ac6.mcu.externaltools.arm-none.linux64_1.7.0.201602291252/tools/compiler/bin/../lib/gcc/arm-none-eabi/5.2.1/../../../../arm-none-eabi/lib/armv7e-m/fpu/libc.a(lib_a-mallocr.o)
                0x20000980                __malloc_sbrk_base
                0x20000984                . = ALIGN (0x4)
                0x20000984                _edata = .

.jcr            0x20000984        0x0 load address 0x08005e10
 .jcr           0x20000984        0x0 /home/javier/Ac6/SystemWorkbench/plugins/fr.ac6.mcu.externaltools.arm-none.linux64_1.7.0.201602291252/tools/compiler/bin/../lib/gcc/arm-none-eabi/5.2.1/armv7e-m/fpu/crtbegin.o

.tm_clone_table
                0x20000984        0x0 load address 0x08005e10
 .tm_clone_table
                0x20000984        0x0 /home/javier/Ac6/SystemWorkbench/plugins/fr.ac6.mcu.externaltools.arm-none.linux64_1.7.0.201602291252/tools/compiler/bin/../lib/gcc/arm-none-eabi/5.2.1/armv7e-m/fpu/crtbegin.o
 .tm_clone_table
                0x20000984        0x0 /home/javier/Ac6/SystemWorkbench/plugins/fr.ac6.mcu.externaltools.arm-none.linux64_1.7.0.201602291252/tools/compiler/bin/../lib/gcc/arm-none-eabi/5.2.1/armv7e-m/fpu/crtend.o

.igot.plt       0x20000984        0x0 load address 0x08005e10
 .igot.plt      0x20000984        0x0 /home/javier/Ac6/SystemWorkbench/plugins/fr.ac6.mcu.externaltools.arm-none.linux64_1.7.0.201602291252/tools/compiler/bin/../lib/gcc/arm-none-eabi/5.2.1/armv7e-m/fpu/crtbegin.o
                0x20000984                . = ALIGN (0x4)

.bss            0x20000984      0x100 load address 0x08005e10
                0x20000984                _sbss = .
                0x20000984                __bss_start__ = _sbss
 *(.bss)
 .bss           0x20000984       0x1c /home/javier/Ac6/SystemWorkbench/plugins/fr.ac6.mcu.externaltools.arm-none.linux64_1.7.0.201602291252/tools/compiler/bin/../lib/gcc/arm-none-eabi/5.2.1/armv7e-m/fpu/crtbegin.o
 .bss           0x200009a0        0x4 src/init_periph.o
                0x200009a0                done
 .bss           0x200009a4        0x8 src/syscalls.o
                0x200009a4                __env
 *(.bss*)
 .bss.__malloc_max_total_mem
                0x200009ac        0x4 /home/javier/Ac6/SystemWorkbench/plugins/fr.ac6.mcu.externaltools.arm-none.linux64_1.7.0.201602291252/tools/compiler/bin/../lib/gcc/arm-none-eabi/5.2.1/../../../../arm-none-eabi/lib/armv7e-m/fpu/libc.a(lib_a-mallocr.o)
                0x200009ac                __malloc_max_total_mem
 .bss.__malloc_max_sbrked_mem
                0x200009b0        0x4 /home/javier/Ac6/SystemWorkbench/plugins/fr.ac6.mcu.externaltools.arm-none.linux64_1.7.0.201602291252/tools/compiler/bin/../lib/gcc/arm-none-eabi/5.2.1/../../../../arm-none-eabi/lib/armv7e-m/fpu/libc.a(lib_a-mallocr.o)
                0x200009b0                __malloc_max_sbrked_mem
 .bss.__malloc_top_pad
                0x200009b4        0x4 /home/javier/Ac6/SystemWorkbench/plugins/fr.ac6.mcu.externaltools.arm-none.linux64_1.7.0.201602291252/tools/compiler/bin/../lib/gcc/arm-none-eabi/5.2.1/../../../../arm-none-eabi/lib/armv7e-m/fpu/libc.a(lib_a-mallocr.o)
                0x200009b4                __malloc_top_pad
 .bss.__malloc_current_mallinfo
                0x200009b8       0x28 /home/javier/Ac6/SystemWorkbench/plugins/fr.ac6.mcu.externaltools.arm-none.linux64_1.7.0.201602291252/tools/compiler/bin/../lib/gcc/arm-none-eabi/5.2.1/../../../../arm-none-eabi/lib/armv7e-m/fpu/libc.a(lib_a-mallocr.o)
                0x200009b8                __malloc_current_mallinfo
 *(COMMON)
 COMMON         0x200009e0       0x9c src/main.o
                0x200009e0                hdma
                0x20000a38                hi2c
 COMMON         0x20000a7c        0x4 /home/javier/workspace/stm32f411e-disco_hal_lib/Debug/libstm32f411e-disco_hal_lib.a(stm32f4xx_hal.o)
                0x20000a7c                uwTick
 COMMON         0x20000a80        0x4 /home/javier/Ac6/SystemWorkbench/plugins/fr.ac6.mcu.externaltools.arm-none.linux64_1.7.0.201602291252/tools/compiler/bin/../lib/gcc/arm-none-eabi/5.2.1/../../../../arm-none-eabi/lib/armv7e-m/fpu/libc.a(lib_a-reent.o)
                0x20000a80                errno
                0x20000a84                . = ALIGN (0x4)
                0x20000a84                _ebss = .
                0x20000a84                __bss_end__ = _ebss

._user_heap_stack
                0x20000a84      0x604 load address 0x08005e10
                0x20000a88                . = ALIGN (0x8)
 *fill*         0x20000a84        0x4 
                0x20000a88                PROVIDE (end, .)
                [!provide]                PROVIDE (_end, .)
                0x20000c88                . = (. + _Min_Heap_Size)
 *fill*         0x20000a88      0x200 
                0x20001088                . = (. + _Min_Stack_Size)
 *fill*         0x20000c88      0x400 
                0x20001088                . = ALIGN (0x8)

/DISCARD/
 libc.a(*)
 libm.a(*)
 libgcc.a(*)

.ARM.attributes
                0x00000000       0x30
 *(.ARM.attributes)
 .ARM.attributes
                0x00000000       0x22 /home/javier/Ac6/SystemWorkbench/plugins/fr.ac6.mcu.externaltools.arm-none.linux64_1.7.0.201602291252/tools/compiler/bin/../lib/gcc/arm-none-eabi/5.2.1/armv7e-m/fpu/crti.o
 .ARM.attributes
                0x00000022       0x34 /home/javier/Ac6/SystemWorkbench/plugins/fr.ac6.mcu.externaltools.arm-none.linux64_1.7.0.201602291252/tools/compiler/bin/../lib/gcc/arm-none-eabi/5.2.1/armv7e-m/fpu/crtbegin.o
 .ARM.attributes
                0x00000056       0x39 Node/HTS221.o
 .ARM.attributes
                0x0000008f       0x39 Node/LPS25H.o
 .ARM.attributes
                0x000000c8       0x39 Node/LSM9DS1_AG.o
 .ARM.attributes
                0x00000101       0x39 Node/LSM9DS1_M.o
 .ARM.attributes
                0x0000013a       0x39 Node/i2c_sensor.o
 .ARM.attributes
                0x00000173       0x39 Node/sensor_list.o
 .ARM.attributes
                0x000001ac       0x39 src/LList.o
 .ARM.attributes
                0x000001e5       0x39 src/init_periph.o
 .ARM.attributes
                0x0000021e       0x39 src/main.o
 .ARM.attributes
                0x00000257       0x39 src/stm32f4xx_it.o
 .ARM.attributes
                0x00000290       0x39 src/syscalls.o
 .ARM.attributes
                0x000002c9       0x39 src/system_stm32f4xx.o
 .ARM.attributes
                0x00000302       0x21 startup/startup_stm32f411xe.o
 .ARM.attributes
                0x00000323       0x39 /home/javier/workspace/stm32f411e-disco_hal_lib/Debug/libstm32f411e-disco_hal_lib.a(stm32f4xx_hal.o)
 .ARM.attributes
                0x0000035c       0x39 /home/javier/workspace/stm32f411e-disco_hal_lib/Debug/libstm32f411e-disco_hal_lib.a(stm32f4xx_hal_cortex.o)
 .ARM.attributes
                0x00000395       0x39 /home/javier/workspace/stm32f411e-disco_hal_lib/Debug/libstm32f411e-disco_hal_lib.a(stm32f4xx_hal_dma.o)
 .ARM.attributes
                0x000003ce       0x39 /home/javier/workspace/stm32f411e-disco_hal_lib/Debug/libstm32f411e-disco_hal_lib.a(stm32f4xx_hal_gpio.o)
 .ARM.attributes
                0x00000407       0x39 /home/javier/workspace/stm32f411e-disco_hal_lib/Debug/libstm32f411e-disco_hal_lib.a(stm32f4xx_hal_i2c.o)
 .ARM.attributes
                0x00000440       0x39 /home/javier/workspace/stm32f411e-disco_hal_lib/Debug/libstm32f411e-disco_hal_lib.a(stm32f4xx_hal_rcc.o)
 .ARM.attributes
                0x00000479       0x22 /home/javier/Ac6/SystemWorkbench/plugins/fr.ac6.mcu.externaltools.arm-none.linux64_1.7.0.201602291252/tools/compiler/bin/../lib/gcc/arm-none-eabi/5.2.1/armv7e-m/fpu/libgcc.a(_arm_addsubdf3.o)
 .ARM.attributes
                0x0000049b       0x22 /home/javier/Ac6/SystemWorkbench/plugins/fr.ac6.mcu.externaltools.arm-none.linux64_1.7.0.201602291252/tools/compiler/bin/../lib/gcc/arm-none-eabi/5.2.1/armv7e-m/fpu/libgcc.a(_arm_muldivdf3.o)
 .ARM.attributes
                0x000004bd       0x22 /home/javier/Ac6/SystemWorkbench/plugins/fr.ac6.mcu.externaltools.arm-none.linux64_1.7.0.201602291252/tools/compiler/bin/../lib/gcc/arm-none-eabi/5.2.1/armv7e-m/fpu/libgcc.a(_arm_truncdfsf2.o)
 .ARM.attributes
                0x000004df       0x34 /home/javier/Ac6/SystemWorkbench/plugins/fr.ac6.mcu.externaltools.arm-none.linux64_1.7.0.201602291252/tools/compiler/bin/../lib/gcc/arm-none-eabi/5.2.1/../../../../arm-none-eabi/lib/armv7e-m/fpu/libc.a(lib_a-errno.o)
 .ARM.attributes
                0x00000513       0x34 /home/javier/Ac6/SystemWorkbench/plugins/fr.ac6.mcu.externaltools.arm-none.linux64_1.7.0.201602291252/tools/compiler/bin/../lib/gcc/arm-none-eabi/5.2.1/../../../../arm-none-eabi/lib/armv7e-m/fpu/libc.a(lib_a-impure.o)
 .ARM.attributes
                0x00000547       0x34 /home/javier/Ac6/SystemWorkbench/plugins/fr.ac6.mcu.externaltools.arm-none.linux64_1.7.0.201602291252/tools/compiler/bin/../lib/gcc/arm-none-eabi/5.2.1/../../../../arm-none-eabi/lib/armv7e-m/fpu/libc.a(lib_a-init.o)
 .ARM.attributes
                0x0000057b       0x34 /home/javier/Ac6/SystemWorkbench/plugins/fr.ac6.mcu.externaltools.arm-none.linux64_1.7.0.201602291252/tools/compiler/bin/../lib/gcc/arm-none-eabi/5.2.1/../../../../arm-none-eabi/lib/armv7e-m/fpu/libc.a(lib_a-malloc.o)
 .ARM.attributes
                0x000005af       0x34 /home/javier/Ac6/SystemWorkbench/plugins/fr.ac6.mcu.externaltools.arm-none.linux64_1.7.0.201602291252/tools/compiler/bin/../lib/gcc/arm-none-eabi/5.2.1/../../../../arm-none-eabi/lib/armv7e-m/fpu/libc.a(lib_a-mallocr.o)
 .ARM.attributes
                0x000005e3       0x34 /home/javier/Ac6/SystemWorkbench/plugins/fr.ac6.mcu.externaltools.arm-none.linux64_1.7.0.201602291252/tools/compiler/bin/../lib/gcc/arm-none-eabi/5.2.1/../../../../arm-none-eabi/lib/armv7e-m/fpu/libc.a(lib_a-mlock.o)
 .ARM.attributes
                0x00000617       0x34 /home/javier/Ac6/SystemWorkbench/plugins/fr.ac6.mcu.externaltools.arm-none.linux64_1.7.0.201602291252/tools/compiler/bin/../lib/gcc/arm-none-eabi/5.2.1/../../../../arm-none-eabi/lib/armv7e-m/fpu/libc.a(lib_a-sbrkr.o)
 .ARM.attributes
                0x0000064b       0x34 /home/javier/Ac6/SystemWorkbench/plugins/fr.ac6.mcu.externaltools.arm-none.linux64_1.7.0.201602291252/tools/compiler/bin/../lib/gcc/arm-none-eabi/5.2.1/../../../../arm-none-eabi/lib/armv7e-m/fpu/libc.a(lib_a-strcpy.o)
 .ARM.attributes
                0x0000067f       0x20 /home/javier/Ac6/SystemWorkbench/plugins/fr.ac6.mcu.externaltools.arm-none.linux64_1.7.0.201602291252/tools/compiler/bin/../lib/gcc/arm-none-eabi/5.2.1/../../../../arm-none-eabi/lib/armv7e-m/fpu/libc.a(lib_a-strlen.o)
 .ARM.attributes
                0x0000069f       0x34 /home/javier/Ac6/SystemWorkbench/plugins/fr.ac6.mcu.externaltools.arm-none.linux64_1.7.0.201602291252/tools/compiler/bin/../lib/gcc/arm-none-eabi/5.2.1/../../../../arm-none-eabi/lib/armv7e-m/fpu/libc.a(lib_a-__call_atexit.o)
 .ARM.attributes
                0x000006d3       0x34 /home/javier/Ac6/SystemWorkbench/plugins/fr.ac6.mcu.externaltools.arm-none.linux64_1.7.0.201602291252/tools/compiler/bin/../lib/gcc/arm-none-eabi/5.2.1/../../../../arm-none-eabi/lib/armv7e-m/fpu/libc.a(lib_a-atexit.o)
 .ARM.attributes
                0x00000707       0x34 /home/javier/Ac6/SystemWorkbench/plugins/fr.ac6.mcu.externaltools.arm-none.linux64_1.7.0.201602291252/tools/compiler/bin/../lib/gcc/arm-none-eabi/5.2.1/../../../../arm-none-eabi/lib/armv7e-m/fpu/libc.a(lib_a-fini.o)
 .ARM.attributes
                0x0000073b       0x34 /home/javier/Ac6/SystemWorkbench/plugins/fr.ac6.mcu.externaltools.arm-none.linux64_1.7.0.201602291252/tools/compiler/bin/../lib/gcc/arm-none-eabi/5.2.1/../../../../arm-none-eabi/lib/armv7e-m/fpu/libc.a(lib_a-freer.o)
 .ARM.attributes
                0x0000076f       0x34 /home/javier/Ac6/SystemWorkbench/plugins/fr.ac6.mcu.externaltools.arm-none.linux64_1.7.0.201602291252/tools/compiler/bin/../lib/gcc/arm-none-eabi/5.2.1/../../../../arm-none-eabi/lib/armv7e-m/fpu/libc.a(lib_a-reent.o)
 .ARM.attributes
                0x000007a3       0x34 /home/javier/Ac6/SystemWorkbench/plugins/fr.ac6.mcu.externaltools.arm-none.linux64_1.7.0.201602291252/tools/compiler/bin/../lib/gcc/arm-none-eabi/5.2.1/../../../../arm-none-eabi/lib/armv7e-m/fpu/libc.a(lib_a-__atexit.o)
 .ARM.attributes
                0x000007d7       0x34 /home/javier/Ac6/SystemWorkbench/plugins/fr.ac6.mcu.externaltools.arm-none.linux64_1.7.0.201602291252/tools/compiler/bin/../lib/gcc/arm-none-eabi/5.2.1/armv7e-m/fpu/crtend.o
 .ARM.attributes
                0x0000080b       0x22 /home/javier/Ac6/SystemWorkbench/plugins/fr.ac6.mcu.externaltools.arm-none.linux64_1.7.0.201602291252/tools/compiler/bin/../lib/gcc/arm-none-eabi/5.2.1/armv7e-m/fpu/crtn.o
OUTPUT(test_node.elf elf32-littlearm)

.debug_info     0x00000000     0xdd76
 .debug_info    0x00000000     0x1173 Node/HTS221.o
 .debug_info    0x00001173     0x1008 Node/LPS25H.o
 .debug_info    0x0000217b      0xfe5 Node/LSM9DS1_AG.o
 .debug_info    0x00003160      0xfd9 Node/LSM9DS1_M.o
 .debug_info    0x00004139      0xfe4 Node/i2c_sensor.o
 .debug_info    0x0000511d      0xea5 Node/sensor_list.o
 .debug_info    0x00005fc2      0x20e src/LList.o
 .debug_info    0x000061d0      0xaf2 src/init_periph.o
 .debug_info    0x00006cc2     0x12eb src/main.o
 .debug_info    0x00007fad      0x5f6 src/stm32f4xx_it.o
 .debug_info    0x000085a3      0x667 src/syscalls.o
 .debug_info    0x00008c0a      0x4b0 src/system_stm32f4xx.o
 .debug_info    0x000090ba       0x6d startup/startup_stm32f411xe.o
 .debug_info    0x00009127      0x7b3 /home/javier/workspace/stm32f411e-disco_hal_lib/Debug/libstm32f411e-disco_hal_lib.a(stm32f4xx_hal.o)
 .debug_info    0x000098da      0xc7b /home/javier/workspace/stm32f411e-disco_hal_lib/Debug/libstm32f411e-disco_hal_lib.a(stm32f4xx_hal_cortex.o)
 .debug_info    0x0000a555      0x700 /home/javier/workspace/stm32f411e-disco_hal_lib/Debug/libstm32f411e-disco_hal_lib.a(stm32f4xx_hal_dma.o)
 .debug_info    0x0000ac55      0x70f /home/javier/workspace/stm32f411e-disco_hal_lib/Debug/libstm32f411e-disco_hal_lib.a(stm32f4xx_hal_gpio.o)
 .debug_info    0x0000b364     0x1eea /home/javier/workspace/stm32f411e-disco_hal_lib/Debug/libstm32f411e-disco_hal_lib.a(stm32f4xx_hal_i2c.o)
 .debug_info    0x0000d24e      0xb28 /home/javier/workspace/stm32f411e-disco_hal_lib/Debug/libstm32f411e-disco_hal_lib.a(stm32f4xx_hal_rcc.o)

.debug_abbrev   0x00000000     0x1ef7
 .debug_abbrev  0x00000000      0x1a3 Node/HTS221.o
 .debug_abbrev  0x000001a3      0x19a Node/LPS25H.o
 .debug_abbrev  0x0000033d      0x19a Node/LSM9DS1_AG.o
 .debug_abbrev  0x000004d7      0x19a Node/LSM9DS1_M.o
 .debug_abbrev  0x00000671      0x1a1 Node/i2c_sensor.o
 .debug_abbrev  0x00000812      0x15e Node/sensor_list.o
 .debug_abbrev  0x00000970      0x11e src/LList.o
 .debug_abbrev  0x00000a8e      0x19f src/init_periph.o
 .debug_abbrev  0x00000c2d      0x1f6 src/main.o
 .debug_abbrev  0x00000e23      0x13b src/stm32f4xx_it.o
 .debug_abbrev  0x00000f5e      0x177 src/syscalls.o
 .debug_abbrev  0x000010d5      0x104 src/system_stm32f4xx.o
 .debug_abbrev  0x000011d9       0x12 startup/startup_stm32f411xe.o
 .debug_abbrev  0x000011eb      0x229 /home/javier/workspace/stm32f411e-disco_hal_lib/Debug/libstm32f411e-disco_hal_lib.a(stm32f4xx_hal.o)
 .debug_abbrev  0x00001414      0x2cc /home/javier/workspace/stm32f411e-disco_hal_lib/Debug/libstm32f411e-disco_hal_lib.a(stm32f4xx_hal_cortex.o)
 .debug_abbrev  0x000016e0      0x1d1 /home/javier/workspace/stm32f411e-disco_hal_lib/Debug/libstm32f411e-disco_hal_lib.a(stm32f4xx_hal_dma.o)
 .debug_abbrev  0x000018b1      0x1af /home/javier/workspace/stm32f411e-disco_hal_lib/Debug/libstm32f411e-disco_hal_lib.a(stm32f4xx_hal_gpio.o)
 .debug_abbrev  0x00001a60      0x1fe /home/javier/workspace/stm32f411e-disco_hal_lib/Debug/libstm32f411e-disco_hal_lib.a(stm32f4xx_hal_i2c.o)
 .debug_abbrev  0x00001c5e      0x299 /home/javier/workspace/stm32f411e-disco_hal_lib/Debug/libstm32f411e-disco_hal_lib.a(stm32f4xx_hal_rcc.o)

.debug_aranges  0x00000000      0x870
 .debug_aranges
                0x00000000       0x38 Node/HTS221.o
 .debug_aranges
                0x00000038       0x30 Node/LPS25H.o
 .debug_aranges
                0x00000068       0x30 Node/LSM9DS1_AG.o
 .debug_aranges
                0x00000098       0x30 Node/LSM9DS1_M.o
 .debug_aranges
                0x000000c8       0x38 Node/i2c_sensor.o
 .debug_aranges
                0x00000100       0x18 Node/sensor_list.o
 .debug_aranges
                0x00000118       0x40 src/LList.o
 .debug_aranges
                0x00000158       0x30 src/init_periph.o
 .debug_aranges
                0x00000188       0x38 src/main.o
 .debug_aranges
                0x000001c0       0x38 src/stm32f4xx_it.o
 .debug_aranges
                0x000001f8       0xb0 src/syscalls.o
 .debug_aranges
                0x000002a8       0x28 src/system_stm32f4xx.o
 .debug_aranges
                0x000002d0       0x28 startup/startup_stm32f411xe.o
 .debug_aranges
                0x000002f8       0xc0 /home/javier/workspace/stm32f411e-disco_hal_lib/Debug/libstm32f411e-disco_hal_lib.a(stm32f4xx_hal.o)
 .debug_aranges
                0x000003b8      0x108 /home/javier/workspace/stm32f411e-disco_hal_lib/Debug/libstm32f411e-disco_hal_lib.a(stm32f4xx_hal_cortex.o)
 .debug_aranges
                0x000004c0       0x70 /home/javier/workspace/stm32f411e-disco_hal_lib/Debug/libstm32f411e-disco_hal_lib.a(stm32f4xx_hal_dma.o)
 .debug_aranges
                0x00000530       0x58 /home/javier/workspace/stm32f411e-disco_hal_lib/Debug/libstm32f411e-disco_hal_lib.a(stm32f4xx_hal_gpio.o)
 .debug_aranges
                0x00000588      0x260 /home/javier/workspace/stm32f411e-disco_hal_lib/Debug/libstm32f411e-disco_hal_lib.a(stm32f4xx_hal_i2c.o)
 .debug_aranges
                0x000007e8       0x88 /home/javier/workspace/stm32f411e-disco_hal_lib/Debug/libstm32f411e-disco_hal_lib.a(stm32f4xx_hal_rcc.o)

.debug_ranges   0x00000000      0x740
 .debug_ranges  0x00000000       0x28 Node/HTS221.o
 .debug_ranges  0x00000028       0x20 Node/LPS25H.o
 .debug_ranges  0x00000048       0x20 Node/LSM9DS1_AG.o
 .debug_ranges  0x00000068       0x20 Node/LSM9DS1_M.o
 .debug_ranges  0x00000088       0x28 Node/i2c_sensor.o
 .debug_ranges  0x000000b0       0x30 src/LList.o
 .debug_ranges  0x000000e0       0x20 src/init_periph.o
 .debug_ranges  0x00000100       0x28 src/main.o
 .debug_ranges  0x00000128       0x28 src/stm32f4xx_it.o
 .debug_ranges  0x00000150       0xa0 src/syscalls.o
 .debug_ranges  0x000001f0       0x18 src/system_stm32f4xx.o
 .debug_ranges  0x00000208       0x20 startup/startup_stm32f411xe.o
 .debug_ranges  0x00000228       0xb0 /home/javier/workspace/stm32f411e-disco_hal_lib/Debug/libstm32f411e-disco_hal_lib.a(stm32f4xx_hal.o)
 .debug_ranges  0x000002d8       0xf8 /home/javier/workspace/stm32f411e-disco_hal_lib/Debug/libstm32f411e-disco_hal_lib.a(stm32f4xx_hal_cortex.o)
 .debug_ranges  0x000003d0       0x60 /home/javier/workspace/stm32f411e-disco_hal_lib/Debug/libstm32f411e-disco_hal_lib.a(stm32f4xx_hal_dma.o)
 .debug_ranges  0x00000430       0x48 /home/javier/workspace/stm32f411e-disco_hal_lib/Debug/libstm32f411e-disco_hal_lib.a(stm32f4xx_hal_gpio.o)
 .debug_ranges  0x00000478      0x250 /home/javier/workspace/stm32f411e-disco_hal_lib/Debug/libstm32f411e-disco_hal_lib.a(stm32f4xx_hal_i2c.o)
 .debug_ranges  0x000006c8       0x78 /home/javier/workspace/stm32f411e-disco_hal_lib/Debug/libstm32f411e-disco_hal_lib.a(stm32f4xx_hal_rcc.o)

.debug_macro    0x00000000    0x15f05
 .debug_macro   0x00000000      0x5a7 Node/HTS221.o
 .debug_macro   0x000005a7      0x8aa Node/HTS221.o
 .debug_macro   0x00000e51       0x28 Node/HTS221.o
 .debug_macro   0x00000e79       0x28 Node/HTS221.o
 .debug_macro   0x00000ea1       0x22 Node/HTS221.o
 .debug_macro   0x00000ec3       0x44 Node/HTS221.o
 .debug_macro   0x00000f07       0xfd Node/HTS221.o
 .debug_macro   0x00001004       0x22 Node/HTS221.o
 .debug_macro   0x00001026      0x1df Node/HTS221.o
 .debug_macro   0x00001205       0x35 Node/HTS221.o
 .debug_macro   0x0000123a       0x50 Node/HTS221.o
 .debug_macro   0x0000128a      0xe66 Node/HTS221.o
 .debug_macro   0x000020f0     0x50a7 Node/HTS221.o
 .debug_macro   0x00007197       0x43 Node/HTS221.o
 .debug_macro   0x000071da      0x24b Node/HTS221.o
 .debug_macro   0x00007425     0x33a6 Node/HTS221.o
 .debug_macro   0x0000a7cb       0x58 Node/HTS221.o
 .debug_macro   0x0000a823       0x35 Node/HTS221.o
 .debug_macro   0x0000a858       0x9c Node/HTS221.o
 .debug_macro   0x0000a8f4       0x16 Node/HTS221.o
 .debug_macro   0x0000a90a       0x97 Node/HTS221.o
 .debug_macro   0x0000a9a1      0x329 Node/HTS221.o
 .debug_macro   0x0000acca       0xfd Node/HTS221.o
 .debug_macro   0x0000adc7       0x10 Node/HTS221.o
 .debug_macro   0x0000add7       0x52 Node/HTS221.o
 .debug_macro   0x0000ae29       0x16 Node/HTS221.o
 .debug_macro   0x0000ae3f       0x43 Node/HTS221.o
 .debug_macro   0x0000ae82      0x187 Node/HTS221.o
 .debug_macro   0x0000b009       0x10 Node/HTS221.o
 .debug_macro   0x0000b019       0x22 Node/HTS221.o
 .debug_macro   0x0000b03b       0x3a Node/HTS221.o
 .debug_macro   0x0000b075       0x10 Node/HTS221.o
 .debug_macro   0x0000b085       0x40 Node/HTS221.o
 .debug_macro   0x0000b0c5       0x65 Node/HTS221.o
 .debug_macro   0x0000b12a       0x16 Node/HTS221.o
 .debug_macro   0x0000b140      0x197 Node/HTS221.o
 .debug_macro   0x0000b2d7       0x57 Node/HTS221.o
 .debug_macro   0x0000b32e      0x440 Node/HTS221.o
 .debug_macro   0x0000b76e      0x9da Node/HTS221.o
 .debug_macro   0x0000c148      0x11e Node/HTS221.o
 .debug_macro   0x0000c266      0x11b Node/HTS221.o
 .debug_macro   0x0000c381       0x27 Node/HTS221.o
 .debug_macro   0x0000c3a8      0x272 Node/HTS221.o
 .debug_macro   0x0000c61a       0x5f Node/HTS221.o
 .debug_macro   0x0000c679      0x23a Node/HTS221.o
 .debug_macro   0x0000c8b3      0x391 Node/HTS221.o
 .debug_macro   0x0000cc44      0x176 Node/HTS221.o
 .debug_macro   0x0000cdba       0xf9 Node/HTS221.o
 .debug_macro   0x0000ceb3       0x23 Node/HTS221.o
 .debug_macro   0x0000ced6      0x13a Node/HTS221.o
 .debug_macro   0x0000d010      0x264 Node/HTS221.o
 .debug_macro   0x0000d274       0x2e Node/HTS221.o
 .debug_macro   0x0000d2a2      0x1a7 Node/HTS221.o
 .debug_macro   0x0000d449       0x22 Node/HTS221.o
 .debug_macro   0x0000d46b       0xa5 Node/HTS221.o
 .debug_macro   0x0000d510      0x18b Node/HTS221.o
 .debug_macro   0x0000d69b       0x24 Node/HTS221.o
 .debug_macro   0x0000d6bf       0x35 Node/HTS221.o
 .debug_macro   0x0000d6f4       0x97 Node/HTS221.o
 .debug_macro   0x0000d78b      0x11e Node/HTS221.o
 .debug_macro   0x0000d8a9       0x85 Node/HTS221.o
 .debug_macro   0x0000d92e       0x89 Node/HTS221.o
 .debug_macro   0x0000d9b7      0x31a Node/HTS221.o
 .debug_macro   0x0000dcd1      0x409 Node/HTS221.o
 .debug_macro   0x0000e0da       0xe4 Node/HTS221.o
 .debug_macro   0x0000e1be      0x48d Node/HTS221.o
 .debug_macro   0x0000e64b      0x22b Node/HTS221.o
 .debug_macro   0x0000e876      0x202 Node/HTS221.o
 .debug_macro   0x0000ea78      0x6d9 Node/HTS221.o
 .debug_macro   0x0000f151       0x5b Node/HTS221.o
 .debug_macro   0x0000f1ac      0x14d Node/HTS221.o
 .debug_macro   0x0000f2f9      0x287 Node/HTS221.o
 .debug_macro   0x0000f580      0x225 Node/HTS221.o
 .debug_macro   0x0000f7a5      0x1b5 Node/HTS221.o
 .debug_macro   0x0000f95a      0x2db Node/HTS221.o
 .debug_macro   0x0000fc35       0x94 Node/HTS221.o
 .debug_macro   0x0000fcc9      0x1df Node/HTS221.o
 .debug_macro   0x0000fea8      0x115 Node/HTS221.o
 .debug_macro   0x0000ffbd       0x6e Node/HTS221.o
 .debug_macro   0x0001002b      0x11e Node/HTS221.o
 .debug_macro   0x00010149       0x16 Node/HTS221.o
 .debug_macro   0x0001015f       0x35 Node/HTS221.o
 .debug_macro   0x00010194       0x16 Node/HTS221.o
 .debug_macro   0x000101aa       0x29 Node/HTS221.o
 .debug_macro   0x000101d3      0x667 Node/LPS25H.o
 .debug_macro   0x0001083a      0x63d Node/LSM9DS1_AG.o
 .debug_macro   0x00010e77      0x5b9 Node/LSM9DS1_M.o
 .debug_macro   0x00011430      0x496 Node/i2c_sensor.o
 .debug_macro   0x000118c6       0x16 Node/i2c_sensor.o
 .debug_macro   0x000118dc      0x4b1 Node/sensor_list.o
 .debug_macro   0x00011d8d      0x11d src/LList.o
 .debug_macro   0x00011eaa      0x10e src/LList.o
 .debug_macro   0x00011fb8       0x8d src/LList.o
 .debug_macro   0x00012045      0x44d src/init_periph.o
 .debug_macro   0x00012492      0x50d src/main.o
 .debug_macro   0x0001299f      0x44d src/stm32f4xx_it.o
 .debug_macro   0x00012dec      0x1f3 src/syscalls.o
 .debug_macro   0x00012fdf      0x174 src/syscalls.o
 .debug_macro   0x00013153       0x4a src/syscalls.o
 .debug_macro   0x0001319d       0x10 src/syscalls.o
 .debug_macro   0x000131ad       0x10 src/syscalls.o
 .debug_macro   0x000131bd       0x10 src/syscalls.o
 .debug_macro   0x000131cd       0x35 src/syscalls.o
 .debug_macro   0x00013202      0x122 src/syscalls.o
 .debug_macro   0x00013324       0x10 src/syscalls.o
 .debug_macro   0x00013334      0x241 src/syscalls.o
 .debug_macro   0x00013575       0x1c src/syscalls.o
 .debug_macro   0x00013591      0x159 src/syscalls.o
 .debug_macro   0x000136ea       0x16 src/syscalls.o
 .debug_macro   0x00013700       0x88 src/syscalls.o
 .debug_macro   0x00013788      0x449 src/system_stm32f4xx.o
 .debug_macro   0x00013bd1      0x491 /home/javier/workspace/stm32f411e-disco_hal_lib/Debug/libstm32f411e-disco_hal_lib.a(stm32f4xx_hal.o)
 .debug_macro   0x00014062      0x8a4 /home/javier/workspace/stm32f411e-disco_hal_lib/Debug/libstm32f411e-disco_hal_lib.a(stm32f4xx_hal.o)
 .debug_macro   0x00014906      0x443 /home/javier/workspace/stm32f411e-disco_hal_lib/Debug/libstm32f411e-disco_hal_lib.a(stm32f4xx_hal_cortex.o)
 .debug_macro   0x00014d49      0x44a /home/javier/workspace/stm32f411e-disco_hal_lib/Debug/libstm32f411e-disco_hal_lib.a(stm32f4xx_hal_dma.o)
 .debug_macro   0x00015193      0x47b /home/javier/workspace/stm32f411e-disco_hal_lib/Debug/libstm32f411e-disco_hal_lib.a(stm32f4xx_hal_gpio.o)
 .debug_macro   0x0001560e      0x48a /home/javier/workspace/stm32f411e-disco_hal_lib/Debug/libstm32f411e-disco_hal_lib.a(stm32f4xx_hal_i2c.o)
 .debug_macro   0x00015a98      0x46d /home/javier/workspace/stm32f411e-disco_hal_lib/Debug/libstm32f411e-disco_hal_lib.a(stm32f4xx_hal_rcc.o)

.debug_line     0x00000000     0xd2f7
 .debug_line    0x00000000      0xb46 Node/HTS221.o
 .debug_line    0x00000b46      0xb01 Node/LPS25H.o
 .debug_line    0x00001647      0xb08 Node/LSM9DS1_AG.o
 .debug_line    0x0000214f      0xb01 Node/LSM9DS1_M.o
 .debug_line    0x00002c50      0xb31 Node/i2c_sensor.o
 .debug_line    0x00003781      0xace Node/sensor_list.o
 .debug_line    0x0000424f      0x41f src/LList.o
 .debug_line    0x0000466e      0xacb src/init_periph.o
 .debug_line    0x00005139      0xbef src/main.o
 .debug_line    0x00005d28      0xaaf src/stm32f4xx_it.o
 .debug_line    0x000067d7      0x5a7 src/syscalls.o
 .debug_line    0x00006d7e      0xa73 src/system_stm32f4xx.o
 .debug_line    0x000077f1       0x7f startup/startup_stm32f411xe.o
 .debug_line    0x00007870      0xbee /home/javier/workspace/stm32f411e-disco_hal_lib/Debug/libstm32f411e-disco_hal_lib.a(stm32f4xx_hal.o)
 .debug_line    0x0000845e      0xd1e /home/javier/workspace/stm32f411e-disco_hal_lib/Debug/libstm32f411e-disco_hal_lib.a(stm32f4xx_hal_cortex.o)
 .debug_line    0x0000917c      0xc34 /home/javier/workspace/stm32f411e-disco_hal_lib/Debug/libstm32f411e-disco_hal_lib.a(stm32f4xx_hal_dma.o)
 .debug_line    0x00009db0      0xbed /home/javier/workspace/stm32f411e-disco_hal_lib/Debug/libstm32f411e-disco_hal_lib.a(stm32f4xx_hal_gpio.o)
 .debug_line    0x0000a99d     0x1c1c /home/javier/workspace/stm32f411e-disco_hal_lib/Debug/libstm32f411e-disco_hal_lib.a(stm32f4xx_hal_i2c.o)
 .debug_line    0x0000c5b9      0xd3e /home/javier/workspace/stm32f411e-disco_hal_lib/Debug/libstm32f411e-disco_hal_lib.a(stm32f4xx_hal_rcc.o)

.debug_str      0x00000000    0x7a9d3
 .debug_str     0x00000000    0x76902 Node/HTS221.o
                              0x76cc3 (size before relaxing)
 .debug_str     0x00076902      0x5b5 Node/LPS25H.o
                              0x76f1d (size before relaxing)
 .debug_str     0x00076eb7      0x54f Node/LSM9DS1_AG.o
                              0x76def (size before relaxing)
 .debug_str     0x00077406      0x35a Node/LSM9DS1_M.o
                              0x76c37 (size before relaxing)
 .debug_str     0x00077760       0x79 Node/i2c_sensor.o
                              0x767ba (size before relaxing)
 .debug_str     0x000777d9       0x3b Node/sensor_list.o
                              0x767cc (size before relaxing)
 .debug_str     0x00077814       0xbe src/LList.o
                               0x5d3b (size before relaxing)
 .debug_str     0x000778d2      0x517 src/init_periph.o
                              0x7672c (size before relaxing)
 .debug_str     0x00077de9      0x172 src/main.o
                              0x76b39 (size before relaxing)
 .debug_str     0x00077f5b       0x76 src/stm32f4xx_it.o
                              0x7621e (size before relaxing)
 .debug_str     0x00077fd1     0x107c src/syscalls.o
                               0x7316 (size before relaxing)
 .debug_str     0x0007904d       0xcf src/system_stm32f4xx.o
                              0x75e72 (size before relaxing)
 .debug_str     0x0007911c      0x4b7 /home/javier/workspace/stm32f411e-disco_hal_lib/Debug/libstm32f411e-disco_hal_lib.a(stm32f4xx_hal.o)
                              0x766b7 (size before relaxing)
 .debug_str     0x000795d3      0x35d /home/javier/workspace/stm32f411e-disco_hal_lib/Debug/libstm32f411e-disco_hal_lib.a(stm32f4xx_hal_cortex.o)
                              0x7656b (size before relaxing)
 .debug_str     0x00079930      0x1b2 /home/javier/workspace/stm32f411e-disco_hal_lib/Debug/libstm32f411e-disco_hal_lib.a(stm32f4xx_hal_dma.o)
                              0x7615e (size before relaxing)
 .debug_str     0x00079ae2      0x271 /home/javier/workspace/stm32f411e-disco_hal_lib/Debug/libstm32f411e-disco_hal_lib.a(stm32f4xx_hal_gpio.o)
                              0x760ed (size before relaxing)
 .debug_str     0x00079d53      0xa1b /home/javier/workspace/stm32f411e-disco_hal_lib/Debug/libstm32f411e-disco_hal_lib.a(stm32f4xx_hal_i2c.o)
                              0x76c6e (size before relaxing)
 .debug_str     0x0007a76e      0x265 /home/javier/workspace/stm32f411e-disco_hal_lib/Debug/libstm32f411e-disco_hal_lib.a(stm32f4xx_hal_rcc.o)
                              0x76264 (size before relaxing)

.comment        0x00000000       0x6e
 .comment       0x00000000       0x6e Node/HTS221.o
                                 0x6f (size before relaxing)
 .comment       0x0000006e       0x6f Node/LPS25H.o
 .comment       0x0000006e       0x6f Node/LSM9DS1_AG.o
 .comment       0x0000006e       0x6f Node/LSM9DS1_M.o
 .comment       0x0000006e       0x6f Node/i2c_sensor.o
 .comment       0x0000006e       0x6f Node/sensor_list.o
 .comment       0x0000006e       0x6f src/LList.o
 .comment       0x0000006e       0x6f src/init_periph.o
 .comment       0x0000006e       0x6f src/main.o
 .comment       0x0000006e       0x6f src/stm32f4xx_it.o
 .comment       0x0000006e       0x6f src/syscalls.o
 .comment       0x0000006e       0x6f src/system_stm32f4xx.o
 .comment       0x0000006e       0x6f /home/javier/workspace/stm32f411e-disco_hal_lib/Debug/libstm32f411e-disco_hal_lib.a(stm32f4xx_hal.o)
 .comment       0x0000006e       0x6f /home/javier/workspace/stm32f411e-disco_hal_lib/Debug/libstm32f411e-disco_hal_lib.a(stm32f4xx_hal_cortex.o)
 .comment       0x0000006e       0x6f /home/javier/workspace/stm32f411e-disco_hal_lib/Debug/libstm32f411e-disco_hal_lib.a(stm32f4xx_hal_dma.o)
 .comment       0x0000006e       0x6f /home/javier/workspace/stm32f411e-disco_hal_lib/Debug/libstm32f411e-disco_hal_lib.a(stm32f4xx_hal_gpio.o)
 .comment       0x0000006e       0x6f /home/javier/workspace/stm32f411e-disco_hal_lib/Debug/libstm32f411e-disco_hal_lib.a(stm32f4xx_hal_i2c.o)
 .comment       0x0000006e       0x6f /home/javier/workspace/stm32f411e-disco_hal_lib/Debug/libstm32f411e-disco_hal_lib.a(stm32f4xx_hal_rcc.o)

.debug_frame    0x00000000     0x2254
 .debug_frame   0x00000000       0xb0 Node/HTS221.o
 .debug_frame   0x000000b0       0x80 Node/LPS25H.o
 .debug_frame   0x00000130       0x80 Node/LSM9DS1_AG.o
 .debug_frame   0x000001b0       0x80 Node/LSM9DS1_M.o
 .debug_frame   0x00000230       0xac Node/i2c_sensor.o
 .debug_frame   0x000002dc       0xcc src/LList.o
 .debug_frame   0x000003a8       0x88 src/init_periph.o
 .debug_frame   0x00000430       0x9c src/main.o
 .debug_frame   0x000004cc       0x80 src/stm32f4xx_it.o
 .debug_frame   0x0000054c      0x2d4 src/syscalls.o
 .debug_frame   0x00000820       0x58 src/system_stm32f4xx.o
 .debug_frame   0x00000878      0x2c0 /home/javier/workspace/stm32f411e-disco_hal_lib/Debug/libstm32f411e-disco_hal_lib.a(stm32f4xx_hal.o)
 .debug_frame   0x00000b38      0x450 /home/javier/workspace/stm32f411e-disco_hal_lib/Debug/libstm32f411e-disco_hal_lib.a(stm32f4xx_hal_cortex.o)
 .debug_frame   0x00000f88      0x1b0 /home/javier/workspace/stm32f411e-disco_hal_lib/Debug/libstm32f411e-disco_hal_lib.a(stm32f4xx_hal_dma.o)
 .debug_frame   0x00001138      0x14c /home/javier/workspace/stm32f411e-disco_hal_lib/Debug/libstm32f411e-disco_hal_lib.a(stm32f4xx_hal_gpio.o)
 .debug_frame   0x00001284      0xadc /home/javier/workspace/stm32f411e-disco_hal_lib/Debug/libstm32f411e-disco_hal_lib.a(stm32f4xx_hal_i2c.o)
 .debug_frame   0x00001d60      0x200 /home/javier/workspace/stm32f411e-disco_hal_lib/Debug/libstm32f411e-disco_hal_lib.a(stm32f4xx_hal_rcc.o)
 .debug_frame   0x00001f60       0x20 /home/javier/Ac6/SystemWorkbench/plugins/fr.ac6.mcu.externaltools.arm-none.linux64_1.7.0.201602291252/tools/compiler/bin/../lib/gcc/arm-none-eabi/5.2.1/../../../../arm-none-eabi/lib/armv7e-m/fpu/libc.a(lib_a-errno.o)
 .debug_frame   0x00001f80       0x2c /home/javier/Ac6/SystemWorkbench/plugins/fr.ac6.mcu.externaltools.arm-none.linux64_1.7.0.201602291252/tools/compiler/bin/../lib/gcc/arm-none-eabi/5.2.1/../../../../arm-none-eabi/lib/armv7e-m/fpu/libc.a(lib_a-init.o)
 .debug_frame   0x00001fac       0x30 /home/javier/Ac6/SystemWorkbench/plugins/fr.ac6.mcu.externaltools.arm-none.linux64_1.7.0.201602291252/tools/compiler/bin/../lib/gcc/arm-none-eabi/5.2.1/../../../../arm-none-eabi/lib/armv7e-m/fpu/libc.a(lib_a-malloc.o)
 .debug_frame   0x00001fdc       0x58 /home/javier/Ac6/SystemWorkbench/plugins/fr.ac6.mcu.externaltools.arm-none.linux64_1.7.0.201602291252/tools/compiler/bin/../lib/gcc/arm-none-eabi/5.2.1/../../../../arm-none-eabi/lib/armv7e-m/fpu/libc.a(lib_a-mallocr.o)
 .debug_frame   0x00002034       0x30 /home/javier/Ac6/SystemWorkbench/plugins/fr.ac6.mcu.externaltools.arm-none.linux64_1.7.0.201602291252/tools/compiler/bin/../lib/gcc/arm-none-eabi/5.2.1/../../../../arm-none-eabi/lib/armv7e-m/fpu/libc.a(lib_a-mlock.o)
 .debug_frame   0x00002064       0x2c /home/javier/Ac6/SystemWorkbench/plugins/fr.ac6.mcu.externaltools.arm-none.linux64_1.7.0.201602291252/tools/compiler/bin/../lib/gcc/arm-none-eabi/5.2.1/../../../../arm-none-eabi/lib/armv7e-m/fpu/libc.a(lib_a-sbrkr.o)
 .debug_frame   0x00002090       0x20 /home/javier/Ac6/SystemWorkbench/plugins/fr.ac6.mcu.externaltools.arm-none.linux64_1.7.0.201602291252/tools/compiler/bin/../lib/gcc/arm-none-eabi/5.2.1/../../../../arm-none-eabi/lib/armv7e-m/fpu/libc.a(lib_a-strcpy.o)
 .debug_frame   0x000020b0       0x50 /home/javier/Ac6/SystemWorkbench/plugins/fr.ac6.mcu.externaltools.arm-none.linux64_1.7.0.201602291252/tools/compiler/bin/../lib/gcc/arm-none-eabi/5.2.1/../../../../arm-none-eabi/lib/armv7e-m/fpu/libc.a(lib_a-__call_atexit.o)
 .debug_frame   0x00002100       0x20 /home/javier/Ac6/SystemWorkbench/plugins/fr.ac6.mcu.externaltools.arm-none.linux64_1.7.0.201602291252/tools/compiler/bin/../lib/gcc/arm-none-eabi/5.2.1/../../../../arm-none-eabi/lib/armv7e-m/fpu/libc.a(lib_a-atexit.o)
 .debug_frame   0x00002120       0x34 /home/javier/Ac6/SystemWorkbench/plugins/fr.ac6.mcu.externaltools.arm-none.linux64_1.7.0.201602291252/tools/compiler/bin/../lib/gcc/arm-none-eabi/5.2.1/../../../../arm-none-eabi/lib/armv7e-m/fpu/libc.a(lib_a-fini.o)
 .debug_frame   0x00002154       0x74 /home/javier/Ac6/SystemWorkbench/plugins/fr.ac6.mcu.externaltools.arm-none.linux64_1.7.0.201602291252/tools/compiler/bin/../lib/gcc/arm-none-eabi/5.2.1/../../../../arm-none-eabi/lib/armv7e-m/fpu/libc.a(lib_a-freer.o)
 .debug_frame   0x000021c8       0x58 /home/javier/Ac6/SystemWorkbench/plugins/fr.ac6.mcu.externaltools.arm-none.linux64_1.7.0.201602291252/tools/compiler/bin/../lib/gcc/arm-none-eabi/5.2.1/../../../../arm-none-eabi/lib/armv7e-m/fpu/libc.a(lib_a-reent.o)
 .debug_frame   0x00002220       0x34 /home/javier/Ac6/SystemWorkbench/plugins/fr.ac6.mcu.externaltools.arm-none.linux64_1.7.0.201602291252/tools/compiler/bin/../lib/gcc/arm-none-eabi/5.2.1/../../../../arm-none-eabi/lib/armv7e-m/fpu/libc.a(lib_a-__atexit.o)
